<html>
<body>
<pre>
<h1>µVision Build Log</h1>
<h2>Tool Versions:</h2>
IDE-Version: ¦ÌVision V5.40.0.0
Copyright (C) 2024 ARM Ltd and ARM Germany GmbH. All rights reserved.
License Information: K Leslie, KK, LIC=HN0AE-5RV15-NN8AF-658HG-C5LIM-U9T9E
 
Tool Versions:
Toolchain:       MDK-ARM Plus  Version: 5.40.0.3
Toolchain Path:  C:\Users\Leslie\AppData\Local\Keil_v5\ARM\ARMCLANG\Bin
C Compiler:      ArmClang.exe V6.22
Assembler:       Armasm.exe V6.22
Linker/Locator:  ArmLink.exe V6.22
Library Manager: ArmAr.exe V6.22
Hex Converter:   FromElf.exe V6.22
CPU DLL:         SARMCM3.DLL V5.40.0.3
Dialog DLL:      DARMCM1.DLL V1.19.6.0
Target DLL:      Segger\JL2CM3.dll V2.99.44.0
Dialog DLL:      TARMCM1.DLL V1.14.6.0
 
<h2>Project:</h2>
D:\Keil\Project\EthernetTester\keil\ethernet_tester.uvprojx
Project File Date:  03/19/2026

<h2>Output:</h2>
*** Using Compiler 'V6.22', folder: 'C:\Users\Leslie\AppData\Local\Keil_v5\ARM\ARMCLANG\Bin'
Build target 'ethernet_tester'
compiling app_debug.c...
linking...
.\Objects\ethernet_tester.axf: Warning: L6914W: option ropi ignored when using --scatter.
Program Size: Code=3312 RO-data=224 RW-data=0 ZI-data=400  
Finished: 0 information, 1 warning and 0 error messages.
FromELF: creating hex file...
".\Objects\ethernet_tester.axf" - 0 Error(s), 1 Warning(s).

<h2>Software Packages used:</h2>

Package Vendor: TexasInstruments
                https://software-dl.ti.com/msp430/esd/MSPM0-CMSIS/MSPM0G1X0X_G3X0X/latest/exports/TexasInstruments.MSPM0G1X0X_G3X0X_DFP.1.3.1.pack
                TexasInstruments::MSPM0G1X0X_G3X0X_DFP@1.3.1
                Device Family Pack for Texas Instruments MSPM0G1X0X_G3X0X Series

<h2>Collection of Component include folders:</h2>

<h2>Collection of Component Files used:</h2>
Build Time Elapsed:  00:00:01
</pre>
</body>
</html>
