Component: Arm Compiler for Embedded 6.22 Tool: armlink [5ee90200]

==============================================================================

Section Cross References

    startup_mspm0g351x_uvision.o(STACK) refers (Special) to heapauxi.o(.text) for __use_two_region_memory
    startup_mspm0g351x_uvision.o(HEAP) refers (Special) to heapauxi.o(.text) for __use_two_region_memory
    startup_mspm0g351x_uvision.o(RESET) refers (Special) to heapauxi.o(.text) for __use_two_region_memory
    startup_mspm0g351x_uvision.o(RESET) refers to startup_mspm0g351x_uvision.o(STACK) for __initial_sp
    startup_mspm0g351x_uvision.o(RESET) refers to startup_mspm0g351x_uvision.o(.text) for Reset_Handler
    startup_mspm0g351x_uvision.o(.text) refers (Special) to heapauxi.o(.text) for __use_two_region_memory
    startup_mspm0g351x_uvision.o(.text) refers to __main.o(!!!main) for __main
    startup_mspm0g351x_uvision.o(.text) refers to startup_mspm0g351x_uvision.o(HEAP) for Heap_Mem
    startup_mspm0g351x_uvision.o(.text) refers to startup_mspm0g351x_uvision.o(STACK) for Stack_Mem
    main.o(.text.main) refers to ti_msp_dl_config.o(.text.SYSCFG_DL_init) for SYSCFG_DL_init
    main.o(.text.main) refers to bsp_led.o(.text.BSP_LED_Init) for BSP_LED_Init
    main.o(.text.main) refers to bsp_input.o(.text.BSP_Input_Init) for BSP_Input_Init
    main.o(.text.main) refers to app_menu.o(.text.APP_Menu_Init) for APP_Menu_Init
    main.o(.text.main) refers to app_debug.o(.text.APP_Debug_Init) for APP_Debug_Init
    main.o(.text.main) refers to dl_common.o(.text.DL_Common_delayCycles) for DL_Common_delayCycles
    main.o(.text.main) refers to bsp_input.o(.text.BSP_Input_Scan) for BSP_Input_Scan
    main.o(.text.main) refers to bsp_input.o(.text.BSP_Input_FetchEvents) for BSP_Input_FetchEvents
    main.o(.text.main) refers to app_debug.o(.text.APP_Debug_PrintInputEvent) for APP_Debug_PrintInputEvent
    main.o(.text.main) refers to app_menu.o(.text.APP_Menu_Process) for APP_Menu_Process
    main.o(.ARM.exidx.text.main) refers to main.o(.text.main) for [Anonymous Symbol]
    app_menu.o(.text.APP_Menu_Init) refers to bsp_led.o(.text.BSP_LED_SetColor) for BSP_LED_SetColor
    app_menu.o(.text.APP_Menu_Init) refers to app_menu.o(.bss.g_menuState) for [Anonymous Symbol]
    app_menu.o(.text.APP_Menu_Init) refers to app_menu.o(.bss.g_menuItem) for [Anonymous Symbol]
    app_menu.o(.ARM.exidx.text.APP_Menu_Init) refers to app_menu.o(.text.APP_Menu_Init) for [Anonymous Symbol]
    app_menu.o(.text.APP_Menu_Process) refers to bsp_led.o(.text.BSP_LED_SetColor) for BSP_LED_SetColor
    app_menu.o(.text.APP_Menu_Process) refers to app_menu.o(.bss.g_menuState) for [Anonymous Symbol]
    app_menu.o(.text.APP_Menu_Process) refers to app_menu.o(.bss.g_menuItem) for [Anonymous Symbol]
    app_menu.o(.ARM.exidx.text.APP_Menu_Process) refers to app_menu.o(.text.APP_Menu_Process) for [Anonymous Symbol]
    app_menu.o(.text.APP_Menu_GetCurrentItem) refers to app_menu.o(.bss.g_menuItem) for [Anonymous Symbol]
    app_menu.o(.ARM.exidx.text.APP_Menu_GetCurrentItem) refers to app_menu.o(.text.APP_Menu_GetCurrentItem) for [Anonymous Symbol]
    app_menu.o(.text.APP_Menu_GetState) refers to app_menu.o(.bss.g_menuState) for [Anonymous Symbol]
    app_menu.o(.ARM.exidx.text.APP_Menu_GetState) refers to app_menu.o(.text.APP_Menu_GetState) for [Anonymous Symbol]
    app_debug.o(.text) refers (Special) to _printf_percent.o(.ARM.Collect$$_printf_percent$$00000000) for _printf_percent
    app_debug.o(.text) refers (Special) to _printf_d.o(.ARM.Collect$$_printf_percent$$00000009) for _printf_d
    app_debug.o(.text) refers (Special) to _printf_dec.o(.text) for _printf_int_dec
    app_debug.o(.text.APP_Debug_Init) refers (Special) to _printf_percent.o(.ARM.Collect$$_printf_percent$$00000000) for _printf_percent
    app_debug.o(.text.APP_Debug_Init) refers (Special) to _printf_d.o(.ARM.Collect$$_printf_percent$$00000009) for _printf_d
    app_debug.o(.text.APP_Debug_Init) refers (Special) to _printf_dec.o(.text) for _printf_int_dec
    app_debug.o(.text.APP_Debug_Init) refers to dl_uart.o(.text.DL_UART_transmitDataBlocking) for DL_UART_transmitDataBlocking
    app_debug.o(.ARM.exidx.text.APP_Debug_Init) refers (Special) to _printf_percent.o(.ARM.Collect$$_printf_percent$$00000000) for _printf_percent
    app_debug.o(.ARM.exidx.text.APP_Debug_Init) refers (Special) to _printf_d.o(.ARM.Collect$$_printf_percent$$00000009) for _printf_d
    app_debug.o(.ARM.exidx.text.APP_Debug_Init) refers (Special) to _printf_dec.o(.text) for _printf_int_dec
    app_debug.o(.ARM.exidx.text.APP_Debug_Init) refers to app_debug.o(.text.APP_Debug_Init) for [Anonymous Symbol]
    app_debug.o(.text.APP_Debug_PrintInputEvent) refers (Special) to _printf_percent.o(.ARM.Collect$$_printf_percent$$00000000) for _printf_percent
    app_debug.o(.text.APP_Debug_PrintInputEvent) refers (Special) to _printf_d.o(.ARM.Collect$$_printf_percent$$00000009) for _printf_d
    app_debug.o(.text.APP_Debug_PrintInputEvent) refers (Special) to _printf_dec.o(.text) for _printf_int_dec
    app_debug.o(.text.APP_Debug_PrintInputEvent) refers to app_debug.o(.text.APP_Debug_PrintMaskName) for APP_Debug_PrintMaskName
    app_debug.o(.text.APP_Debug_PrintInputEvent) refers to noretval__2snprintf.o(.text) for __2snprintf
    app_debug.o(.text.APP_Debug_PrintInputEvent) refers to dl_uart.o(.text.DL_UART_transmitDataBlocking) for DL_UART_transmitDataBlocking
    app_debug.o(.ARM.exidx.text.APP_Debug_PrintInputEvent) refers (Special) to _printf_percent.o(.ARM.Collect$$_printf_percent$$00000000) for _printf_percent
    app_debug.o(.ARM.exidx.text.APP_Debug_PrintInputEvent) refers (Special) to _printf_d.o(.ARM.Collect$$_printf_percent$$00000009) for _printf_d
    app_debug.o(.ARM.exidx.text.APP_Debug_PrintInputEvent) refers (Special) to _printf_dec.o(.text) for _printf_int_dec
    app_debug.o(.ARM.exidx.text.APP_Debug_PrintInputEvent) refers to app_debug.o(.text.APP_Debug_PrintInputEvent) for [Anonymous Symbol]
    app_debug.o(.text.APP_Debug_PrintMaskName) refers (Special) to _printf_percent.o(.ARM.Collect$$_printf_percent$$00000000) for _printf_percent
    app_debug.o(.text.APP_Debug_PrintMaskName) refers (Special) to _printf_d.o(.ARM.Collect$$_printf_percent$$00000009) for _printf_d
    app_debug.o(.text.APP_Debug_PrintMaskName) refers (Special) to _printf_dec.o(.text) for _printf_int_dec
    app_debug.o(.text.APP_Debug_PrintMaskName) refers to dl_uart.o(.text.DL_UART_transmitDataBlocking) for DL_UART_transmitDataBlocking
    app_debug.o(.ARM.exidx.text.APP_Debug_PrintMaskName) refers (Special) to _printf_percent.o(.ARM.Collect$$_printf_percent$$00000000) for _printf_percent
    app_debug.o(.ARM.exidx.text.APP_Debug_PrintMaskName) refers (Special) to _printf_d.o(.ARM.Collect$$_printf_percent$$00000009) for _printf_d
    app_debug.o(.ARM.exidx.text.APP_Debug_PrintMaskName) refers (Special) to _printf_dec.o(.text) for _printf_int_dec
    app_debug.o(.ARM.exidx.text.APP_Debug_PrintMaskName) refers to app_debug.o(.text.APP_Debug_PrintMaskName) for [Anonymous Symbol]
    bsp_input.o(.text.BSP_Input_ClearAllEvents) refers to bsp_input.o(.bss.g_inputEvent) for [Anonymous Symbol]
    bsp_input.o(.ARM.exidx.text.BSP_Input_ClearAllEvents) refers to bsp_input.o(.text.BSP_Input_ClearAllEvents) for [Anonymous Symbol]
    bsp_input.o(.text.BSP_Input_Init) refers to bsp_input.o(.bss.g_keyState) for [Anonymous Symbol]
    bsp_input.o(.text.BSP_Input_Init) refers to bsp_input.o(.bss.g_inputEvent) for [Anonymous Symbol]
    bsp_input.o(.text.BSP_Input_Init) refers to bsp_input.o(.bss.g_encPrevAB) for [Anonymous Symbol]
    bsp_input.o(.text.BSP_Input_Init) refers to bsp_input.o(.bss.g_encAcc) for [Anonymous Symbol]
    bsp_input.o(.ARM.exidx.text.BSP_Input_Init) refers to bsp_input.o(.text.BSP_Input_Init) for [Anonymous Symbol]
    bsp_input.o(.text.BSP_Input_Scan) refers to bsp_input.o(.bss.g_inputEvent) for [Anonymous Symbol]
    bsp_input.o(.text.BSP_Input_Scan) refers to bsp_input.o(.bss.g_keyState) for [Anonymous Symbol]
    bsp_input.o(.text.BSP_Input_Scan) refers to bsp_input.o(.bss.g_encPrevAB) for [Anonymous Symbol]
    bsp_input.o(.text.BSP_Input_Scan) refers to bsp_input.o(.bss.g_encAcc) for [Anonymous Symbol]
    bsp_input.o(.ARM.exidx.text.BSP_Input_Scan) refers to bsp_input.o(.text.BSP_Input_Scan) for [Anonymous Symbol]
    bsp_input.o(.text.BSP_Input_FetchEvents) refers to bsp_input.o(.bss.g_inputEvent) for [Anonymous Symbol]
    bsp_input.o(.ARM.exidx.text.BSP_Input_FetchEvents) refers to bsp_input.o(.text.BSP_Input_FetchEvents) for [Anonymous Symbol]
    bsp_led.o(.ARM.exidx.text.BSP_LED_Init) refers to bsp_led.o(.text.BSP_LED_Init) for [Anonymous Symbol]
    bsp_led.o(.ARM.exidx.text.BSP_LED_Off) refers to bsp_led.o(.text.BSP_LED_Off) for [Anonymous Symbol]
    bsp_led.o(.ARM.exidx.text.BSP_LED_SetColor) refers to bsp_led.o(.text.BSP_LED_SetColor) for [Anonymous Symbol]
    ti_msp_dl_config.o(.text.SYSCFG_DL_init) refers to ti_msp_dl_config.o(.text.SYSCFG_DL_initPower) for SYSCFG_DL_initPower
    ti_msp_dl_config.o(.text.SYSCFG_DL_init) refers to ti_msp_dl_config.o(.text.SYSCFG_DL_GPIO_init) for SYSCFG_DL_GPIO_init
    ti_msp_dl_config.o(.text.SYSCFG_DL_init) refers to ti_msp_dl_config.o(.text.SYSCFG_DL_SYSCTL_init) for SYSCFG_DL_SYSCTL_init
    ti_msp_dl_config.o(.text.SYSCFG_DL_init) refers to ti_msp_dl_config.o(.text.SYSCFG_DL_UART_DEBUG_init) for SYSCFG_DL_UART_DEBUG_init
    ti_msp_dl_config.o(.ARM.exidx.text.SYSCFG_DL_init) refers to ti_msp_dl_config.o(.text.SYSCFG_DL_init) for [Anonymous Symbol]
    ti_msp_dl_config.o(.text.SYSCFG_DL_initPower) refers to dl_common.o(.text.DL_Common_delayCycles) for DL_Common_delayCycles
    ti_msp_dl_config.o(.ARM.exidx.text.SYSCFG_DL_initPower) refers to ti_msp_dl_config.o(.text.SYSCFG_DL_initPower) for [Anonymous Symbol]
    ti_msp_dl_config.o(.ARM.exidx.text.SYSCFG_DL_GPIO_init) refers to ti_msp_dl_config.o(.text.SYSCFG_DL_GPIO_init) for [Anonymous Symbol]
    ti_msp_dl_config.o(.ARM.exidx.text.SYSCFG_DL_SYSCTL_init) refers to ti_msp_dl_config.o(.text.SYSCFG_DL_SYSCTL_init) for [Anonymous Symbol]
    ti_msp_dl_config.o(.text.SYSCFG_DL_UART_DEBUG_init) refers to dl_uart.o(.text.DL_UART_setClockConfig) for DL_UART_setClockConfig
    ti_msp_dl_config.o(.text.SYSCFG_DL_UART_DEBUG_init) refers to dl_uart.o(.text.DL_UART_init) for DL_UART_init
    ti_msp_dl_config.o(.text.SYSCFG_DL_UART_DEBUG_init) refers to ti_msp_dl_config.o(.rodata.gUART_DEBUGClockConfig) for [Anonymous Symbol]
    ti_msp_dl_config.o(.text.SYSCFG_DL_UART_DEBUG_init) refers to ti_msp_dl_config.o(.rodata.gUART_DEBUGConfig) for [Anonymous Symbol]
    ti_msp_dl_config.o(.ARM.exidx.text.SYSCFG_DL_UART_DEBUG_init) refers to ti_msp_dl_config.o(.text.SYSCFG_DL_UART_DEBUG_init) for [Anonymous Symbol]
    dl_common.o(.ARM.exidx.text.DL_Common_delayCycles) refers to dl_common.o(.text.DL_Common_delayCycles) for [Anonymous Symbol]
    dl_uart.o(.ARM.exidx.text.DL_UART_init) refers to dl_uart.o(.text.DL_UART_init) for [Anonymous Symbol]
    dl_uart.o(.ARM.exidx.text.DL_UART_setClockConfig) refers to dl_uart.o(.text.DL_UART_setClockConfig) for [Anonymous Symbol]
    dl_uart.o(.ARM.exidx.text.DL_UART_getClockConfig) refers to dl_uart.o(.text.DL_UART_getClockConfig) for [Anonymous Symbol]
    dl_uart.o(.text.DL_UART_configBaudRate) refers to aeabi_sdivfast.o(.text_divfast) for __aeabi_uidiv
    dl_uart.o(.ARM.exidx.text.DL_UART_configBaudRate) refers to dl_uart.o(.text.DL_UART_configBaudRate) for [Anonymous Symbol]
    dl_uart.o(.ARM.exidx.text.DL_UART_configIrDAMode) refers to dl_uart.o(.text.DL_UART_configIrDAMode) for [Anonymous Symbol]
    dl_uart.o(.ARM.exidx.text.DL_UART_setIrDAPulseLength) refers to dl_uart.o(.text.DL_UART_setIrDAPulseLength) for [Anonymous Symbol]
    dl_uart.o(.ARM.exidx.text.DL_UART_receiveDataBlocking) refers to dl_uart.o(.text.DL_UART_receiveDataBlocking) for [Anonymous Symbol]
    dl_uart.o(.ARM.exidx.text.DL_UART_transmitDataBlocking) refers to dl_uart.o(.text.DL_UART_transmitDataBlocking) for [Anonymous Symbol]
    dl_uart.o(.ARM.exidx.text.DL_UART_receiveDataCheck) refers to dl_uart.o(.text.DL_UART_receiveDataCheck) for [Anonymous Symbol]
    dl_uart.o(.ARM.exidx.text.DL_UART_transmitDataCheck) refers to dl_uart.o(.text.DL_UART_transmitDataCheck) for [Anonymous Symbol]
    dl_uart.o(.ARM.exidx.text.DL_UART_drainRXFIFO) refers to dl_uart.o(.text.DL_UART_drainRXFIFO) for [Anonymous Symbol]
    dl_uart.o(.ARM.exidx.text.DL_UART_fillTXFIFO) refers to dl_uart.o(.text.DL_UART_fillTXFIFO) for [Anonymous Symbol]
    dl_uart.o(.ARM.exidx.text.DL_UART_Main_saveConfiguration) refers to dl_uart.o(.text.DL_UART_Main_saveConfiguration) for [Anonymous Symbol]
    dl_uart.o(.ARM.exidx.text.DL_UART_Main_restoreConfiguration) refers to dl_uart.o(.text.DL_UART_Main_restoreConfiguration) for [Anonymous Symbol]
    dl_uart.o(.ARM.exidx.text.DL_UART_Extend_saveConfiguration) refers to dl_uart.o(.text.DL_UART_Extend_saveConfiguration) for [Anonymous Symbol]
    dl_uart.o(.ARM.exidx.text.DL_UART_Extend_restoreConfiguration) refers to dl_uart.o(.text.DL_UART_Extend_restoreConfiguration) for [Anonymous Symbol]
    __2snprintf.o(.text) refers to _printf_char_common.o(.text) for _printf_char_common
    __2snprintf.o(.text) refers to _snputc.o(.text) for _snputc
    noretval__2snprintf.o(.text) refers to _printf_char_common.o(.text) for _printf_char_common
    noretval__2snprintf.o(.text) refers to _snputc.o(.text) for _snputc
    __printf.o(.text) refers to _printf_percent.o(.ARM.Collect$$_printf_percent$$00000000) for _printf_percent
    _printf_dec.o(.text) refers to rtudiv10.o(.text) for __rt_udiv10
    _printf_dec.o(.text) refers to _printf_intcommon.o(.text) for _printf_int_common
    __printf_flags.o(.text) refers to _printf_percent.o(.ARM.Collect$$_printf_percent$$00000000) for _printf_percent
    __printf_flags.o(.text) refers to __printf_flags.o(.constdata) for .constdata
    __printf_ss.o(.text) refers to _printf_percent.o(.ARM.Collect$$_printf_percent$$00000000) for _printf_percent
    __printf_flags_ss.o(.text) refers to _printf_percent.o(.ARM.Collect$$_printf_percent$$00000000) for _printf_percent
    __printf_flags_ss.o(.text) refers to __printf_flags_ss.o(.constdata) for .constdata
    __printf_wp.o(.text) refers to __printf_wp.o(i._is_digit) for _is_digit
    __printf_wp.o(.text) refers to _printf_percent.o(.ARM.Collect$$_printf_percent$$00000000) for _printf_percent
    __printf_flags_wp.o(.text) refers to __printf_wp.o(i._is_digit) for _is_digit
    __printf_flags_wp.o(.text) refers to _printf_percent.o(.ARM.Collect$$_printf_percent$$00000000) for _printf_percent
    __printf_flags_wp.o(.text) refers to __printf_flags_wp.o(.constdata) for .constdata
    __printf_ss_wp.o(.text) refers to __printf_wp.o(i._is_digit) for _is_digit
    __printf_ss_wp.o(.text) refers to _printf_percent.o(.ARM.Collect$$_printf_percent$$00000000) for _printf_percent
    __printf_flags_ss_wp.o(.text) refers to __printf_wp.o(i._is_digit) for _is_digit
    __printf_flags_ss_wp.o(.text) refers to _printf_percent.o(.ARM.Collect$$_printf_percent$$00000000) for _printf_percent
    __printf_flags_ss_wp.o(.text) refers to __printf_flags_ss_wp.o(.constdata) for .constdata
    _printf_d.o(.ARM.Collect$$_printf_percent$$00000009) refers (Weak) to _printf_dec.o(.text) for _printf_int_dec
    _printf_percent.o(.ARM.Collect$$_printf_percent$$00000000) refers (Special) to _printf_percent_end.o(.ARM.Collect$$_printf_percent$$00000017) for _printf_percent_end
    __main.o(!!!main) refers to __rtentry.o(.ARM.Collect$$rtentry$$00000000) for __rt_entry
    __rtentry.o(.ARM.Collect$$rtentry$$00000000) refers (Special) to __rtentry2.o(.ARM.Collect$$rtentry$$0000000A) for __rt_entry_li
    __rtentry.o(.ARM.Collect$$rtentry$$00000000) refers (Special) to __rtentry2.o(.ARM.Collect$$rtentry$$0000000D) for __rt_entry_main
    __rtentry.o(.ARM.Collect$$rtentry$$00000000) refers (Special) to __rtentry2.o(.ARM.Collect$$rtentry$$0000000C) for __rt_entry_postli_1
    __rtentry.o(.ARM.Collect$$rtentry$$00000000) refers (Special) to __rtentry2.o(.ARM.Collect$$rtentry$$00000009) for __rt_entry_postsh_1
    __rtentry.o(.ARM.Collect$$rtentry$$00000000) refers (Special) to __rtentry2.o(.ARM.Collect$$rtentry$$00000002) for __rt_entry_presh_1
    __rtentry.o(.ARM.Collect$$rtentry$$00000000) refers (Special) to __rtentry4.o(.ARM.Collect$$rtentry$$00000004) for __rt_entry_sh
    aeabi_idiv0_sigfpe.o(.text) refers to rt_div0.o(.text) for __rt_div0
    _printf_char_common.o(.text) refers to __printf.o(.text) for __printf
    __rtentry2.o(.ARM.Collect$$rtentry$$00000008) refers to boardinit2.o(.text) for _platform_post_stackheap_init
    __rtentry2.o(.ARM.Collect$$rtentry$$0000000A) refers to libinit.o(.ARM.Collect$$libinit$$00000000) for __rt_lib_init
    __rtentry2.o(.ARM.Collect$$rtentry$$0000000B) refers to boardinit3.o(.text) for _platform_post_lib_init
    __rtentry2.o(.ARM.Collect$$rtentry$$0000000D) refers to main.o(.text.main) for main
    __rtentry2.o(.ARM.Collect$$rtentry$$0000000D) refers to exit.o(.text) for exit
    __rtentry2.o(.ARM.exidx) refers to __rtentry2.o(.ARM.Collect$$rtentry$$00000001) for .ARM.Collect$$rtentry$$00000001
    __rtentry2.o(.ARM.exidx) refers to __rtentry2.o(.ARM.Collect$$rtentry$$00000008) for .ARM.Collect$$rtentry$$00000008
    __rtentry2.o(.ARM.exidx) refers to __rtentry2.o(.ARM.Collect$$rtentry$$0000000A) for .ARM.Collect$$rtentry$$0000000A
    __rtentry2.o(.ARM.exidx) refers to __rtentry2.o(.ARM.Collect$$rtentry$$0000000B) for .ARM.Collect$$rtentry$$0000000B
    __rtentry2.o(.ARM.exidx) refers to __rtentry2.o(.ARM.Collect$$rtentry$$0000000D) for .ARM.Collect$$rtentry$$0000000D
    __rtentry4.o(.ARM.Collect$$rtentry$$00000004) refers to sys_stackheap_outer.o(.text) for __user_setup_stackheap
    __rtentry4.o(.ARM.exidx) refers to __rtentry4.o(.ARM.Collect$$rtentry$$00000004) for .ARM.Collect$$rtentry$$00000004
    rt_div0.o(.text) refers to defsig_fpe_outer.o(.text) for __rt_SIGFPE
    sys_stackheap_outer.o(.text) refers to libspace.o(.text) for __user_perproc_libspace
    sys_stackheap_outer.o(.text) refers to startup_mspm0g351x_uvision.o(.text) for __user_initial_stackheap
    sys_stackheap_outer.o(__vectab_stack_and_reset_area) refers to tempstk.o(.text) for __temporary_stack_top
    sys_stackheap_outer.o(__vectab_stack_and_reset_area) refers to __main.o(!!!main) for __main
    exit.o(.text) refers to rtexit.o(.ARM.Collect$$rtexit$$00000000) for __rt_exit
    defsig_fpe_outer.o(.text) refers to defsig_fpe_inner.o(.text) for __rt_SIGFPE_inner
    defsig_fpe_outer.o(.text) refers to defsig_exit.o(.text) for __sig_exit
    defsig_fpe_formal.o(.text) refers to rt_raise.o(.text) for __rt_raise
    libinit.o(.ARM.Collect$$libinit$$00000000) refers (Special) to libinit2.o(.ARM.Collect$$libinit$$00000030) for __rt_lib_init_alloca_1
    libinit.o(.ARM.Collect$$libinit$$00000000) refers (Special) to libinit2.o(.ARM.Collect$$libinit$$0000002E) for __rt_lib_init_argv_1
    libinit.o(.ARM.Collect$$libinit$$00000000) refers (Special) to libinit2.o(.ARM.Collect$$libinit$$0000001D) for __rt_lib_init_atexit_1
    libinit.o(.ARM.Collect$$libinit$$00000000) refers (Special) to libinit2.o(.ARM.Collect$$libinit$$00000023) for __rt_lib_init_clock_1
    libinit.o(.ARM.Collect$$libinit$$00000000) refers (Special) to libinit2.o(.ARM.Collect$$libinit$$00000034) for __rt_lib_init_cpp_1
    libinit.o(.ARM.Collect$$libinit$$00000000) refers (Special) to libinit2.o(.ARM.Collect$$libinit$$00000032) for __rt_lib_init_exceptions_1
    libinit.o(.ARM.Collect$$libinit$$00000000) refers (Special) to libinit2.o(.ARM.Collect$$libinit$$00000002) for __rt_lib_init_fp_1
    libinit.o(.ARM.Collect$$libinit$$00000000) refers (Special) to libinit2.o(.ARM.Collect$$libinit$$00000021) for __rt_lib_init_fp_trap_1
    libinit.o(.ARM.Collect$$libinit$$00000000) refers (Special) to libinit2.o(.ARM.Collect$$libinit$$00000025) for __rt_lib_init_getenv_1
    libinit.o(.ARM.Collect$$libinit$$00000000) refers (Special) to libinit2.o(.ARM.Collect$$libinit$$0000000C) for __rt_lib_init_heap_1
    libinit.o(.ARM.Collect$$libinit$$00000000) refers (Special) to libinit2.o(.ARM.Collect$$libinit$$00000013) for __rt_lib_init_lc_collate_1
    libinit.o(.ARM.Collect$$libinit$$00000000) refers (Special) to libinit2.o(.ARM.Collect$$libinit$$00000015) for __rt_lib_init_lc_ctype_1
    libinit.o(.ARM.Collect$$libinit$$00000000) refers (Special) to libinit2.o(.ARM.Collect$$libinit$$00000017) for __rt_lib_init_lc_monetary_1
    libinit.o(.ARM.Collect$$libinit$$00000000) refers (Special) to libinit2.o(.ARM.Collect$$libinit$$00000019) for __rt_lib_init_lc_numeric_1
    libinit.o(.ARM.Collect$$libinit$$00000000) refers (Special) to libinit2.o(.ARM.Collect$$libinit$$0000001B) for __rt_lib_init_lc_time_1
    libinit.o(.ARM.Collect$$libinit$$00000000) refers (Special) to libinit2.o(.ARM.Collect$$libinit$$00000006) for __rt_lib_init_preinit_1
    libinit.o(.ARM.Collect$$libinit$$00000000) refers (Special) to libinit2.o(.ARM.Collect$$libinit$$00000010) for __rt_lib_init_rand_1
    libinit.o(.ARM.Collect$$libinit$$00000000) refers (Special) to libinit2.o(.ARM.Collect$$libinit$$00000004) for __rt_lib_init_relocate_pie_1
    libinit.o(.ARM.Collect$$libinit$$00000000) refers (Special) to libinit2.o(.ARM.Collect$$libinit$$00000035) for __rt_lib_init_return
    libinit.o(.ARM.Collect$$libinit$$00000000) refers (Special) to libinit2.o(.ARM.Collect$$libinit$$0000001F) for __rt_lib_init_signal_1
    libinit.o(.ARM.Collect$$libinit$$00000000) refers (Special) to libinit2.o(.ARM.Collect$$libinit$$00000027) for __rt_lib_init_stdio_1
    libinit.o(.ARM.Collect$$libinit$$00000000) refers (Special) to libinit2.o(.ARM.Collect$$libinit$$0000000E) for __rt_lib_init_user_alloc_1
    libspace.o(.text) refers to libspace.o(.bss) for __libspace_start
    rtexit.o(.ARM.Collect$$rtexit$$00000000) refers (Special) to rtexit2.o(.ARM.Collect$$rtexit$$00000004) for __rt_exit_exit
    rtexit.o(.ARM.Collect$$rtexit$$00000000) refers (Special) to rtexit2.o(.ARM.Collect$$rtexit$$00000003) for __rt_exit_ls
    rtexit.o(.ARM.Collect$$rtexit$$00000000) refers (Special) to rtexit2.o(.ARM.Collect$$rtexit$$00000002) for __rt_exit_prels_1
    rtexit.o(.ARM.exidx) refers (Special) to rtexit2.o(.ARM.Collect$$rtexit$$00000004) for __rt_exit_exit
    rtexit.o(.ARM.exidx) refers (Special) to rtexit2.o(.ARM.Collect$$rtexit$$00000003) for __rt_exit_ls
    rtexit.o(.ARM.exidx) refers (Special) to rtexit2.o(.ARM.Collect$$rtexit$$00000002) for __rt_exit_prels_1
    rtexit.o(.ARM.exidx) refers to rtexit.o(.ARM.Collect$$rtexit$$00000000) for .ARM.Collect$$rtexit$$00000000
    rt_raise.o(.text) refers to __raise.o(.text) for __raise
    rt_raise.o(.text) refers to sys_exit.o(.text) for _sys_exit
    defsig_exit.o(.text) refers to sys_exit.o(.text) for _sys_exit
    defsig_fpe_inner.o(.text) refers to defsig_general.o(.text) for __default_signal_display
    libinit2.o(.ARM.Collect$$libinit$$00000012) refers to libinit2.o(.ARM.Collect$$libinit$$00000011) for .ARM.Collect$$libinit$$00000011
    libinit2.o(.ARM.Collect$$libinit$$00000014) refers to libinit2.o(.ARM.Collect$$libinit$$00000011) for .ARM.Collect$$libinit$$00000011
    libinit2.o(.ARM.Collect$$libinit$$00000016) refers to libinit2.o(.ARM.Collect$$libinit$$00000011) for .ARM.Collect$$libinit$$00000011
    libinit2.o(.ARM.Collect$$libinit$$00000018) refers to libinit2.o(.ARM.Collect$$libinit$$00000011) for .ARM.Collect$$libinit$$00000011
    libinit2.o(.ARM.Collect$$libinit$$0000001A) refers to libinit2.o(.ARM.Collect$$libinit$$00000011) for .ARM.Collect$$libinit$$00000011
    libinit2.o(.ARM.Collect$$libinit$$00000028) refers to argv_veneer.o(.text) for __ARM_argv_veneer
    libinit2.o(.ARM.Collect$$libinit$$00000029) refers to argv_veneer.o(.text) for __ARM_argv_veneer
    sys_exit.o(.text) refers (Special) to use_no_semi.o(.text) for __I$use$semihosting
    sys_exit.o(.text) refers (Special) to indicate_semi.o(.text) for __semihosting_library_function
    sys_exit_hlt.o(.text) refers (Special) to use_no_semi.o(.text) for __I$use$semihosting
    sys_exit_hlt.o(.text) refers (Special) to indicate_semi.o(.text) for __semihosting_library_function
    rtexit2.o(.ARM.Collect$$rtexit$$00000003) refers to libshutdown.o(.ARM.Collect$$libshutdown$$00000000) for __rt_lib_shutdown
    rtexit2.o(.ARM.Collect$$rtexit$$00000004) refers to sys_exit.o(.text) for _sys_exit
    rtexit2.o(.ARM.exidx) refers to rtexit2.o(.ARM.Collect$$rtexit$$00000001) for .ARM.Collect$$rtexit$$00000001
    rtexit2.o(.ARM.exidx) refers to rtexit2.o(.ARM.Collect$$rtexit$$00000003) for .ARM.Collect$$rtexit$$00000003
    rtexit2.o(.ARM.exidx) refers to rtexit2.o(.ARM.Collect$$rtexit$$00000004) for .ARM.Collect$$rtexit$$00000004
    __raise.o(.text) refers to defsig.o(CL$$defsig) for __default_signal_handler
    defsig_general.o(.text) refers to sys_wrch.o(.text) for _ttywrch
    sys_wrch.o(.text) refers (Special) to use_no_semi.o(.text) for __I$use$semihosting
    sys_wrch.o(.text) refers (Special) to indicate_semi.o(.text) for __semihosting_library_function
    sys_wrch_hlt.o(.text) refers (Special) to use_no_semi.o(.text) for __I$use$semihosting
    sys_wrch_hlt.o(.text) refers (Special) to indicate_semi.o(.text) for __semihosting_library_function
    defsig.o(CL$$defsig) refers to defsig_fpe_inner.o(.text) for __rt_SIGFPE_inner
    defsig.o(CL$$defsig) refers to defsig_rtmem_inner.o(.text) for __rt_SIGRTMEM_inner
    _get_argv_nomalloc.o(.text) refers (Special) to hrguard.o(.text) for __heap_region$guard
    _get_argv_nomalloc.o(.text) refers to defsig_rtmem_outer.o(.text) for __rt_SIGRTMEM
    _get_argv_nomalloc.o(.text) refers to sys_command.o(.text) for _sys_command_string
    libshutdown.o(.ARM.Collect$$libshutdown$$00000000) refers (Special) to libshutdown2.o(.ARM.Collect$$libshutdown$$00000002) for __rt_lib_shutdown_cpp_1
    libshutdown.o(.ARM.Collect$$libshutdown$$00000000) refers (Special) to libshutdown2.o(.ARM.Collect$$libshutdown$$00000007) for __rt_lib_shutdown_fp_trap_1
    libshutdown.o(.ARM.Collect$$libshutdown$$00000000) refers (Special) to libshutdown2.o(.ARM.Collect$$libshutdown$$0000000F) for __rt_lib_shutdown_heap_1
    libshutdown.o(.ARM.Collect$$libshutdown$$00000000) refers (Special) to libshutdown2.o(.ARM.Collect$$libshutdown$$00000010) for __rt_lib_shutdown_return
    libshutdown.o(.ARM.Collect$$libshutdown$$00000000) refers (Special) to libshutdown2.o(.ARM.Collect$$libshutdown$$0000000A) for __rt_lib_shutdown_signal_1
    libshutdown.o(.ARM.Collect$$libshutdown$$00000000) refers (Special) to libshutdown2.o(.ARM.Collect$$libshutdown$$00000004) for __rt_lib_shutdown_stdio_1
    libshutdown.o(.ARM.Collect$$libshutdown$$00000000) refers (Special) to libshutdown2.o(.ARM.Collect$$libshutdown$$0000000C) for __rt_lib_shutdown_user_alloc_1
    sys_command.o(.text) refers (Special) to use_no_semi.o(.text) for __I$use$semihosting
    sys_command.o(.text) refers (Special) to indicate_semi.o(.text) for __semihosting_library_function
    sys_command_hlt.o(.text) refers (Special) to use_no_semi.o(.text) for __I$use$semihosting
    sys_command_hlt.o(.text) refers (Special) to indicate_semi.o(.text) for __semihosting_library_function
    defsig_abrt_inner.o(.text) refers to defsig_general.o(.text) for __default_signal_display
    defsig_rtred_inner.o(.text) refers to defsig_general.o(.text) for __default_signal_display
    defsig_rtmem_inner.o(.text) refers to defsig_general.o(.text) for __default_signal_display
    defsig_rtmem_outer.o(.text) refers to defsig_rtmem_inner.o(.text) for __rt_SIGRTMEM_inner
    defsig_rtmem_outer.o(.text) refers to defsig_exit.o(.text) for __sig_exit
    defsig_rtmem_formal.o(.text) refers to rt_raise.o(.text) for __rt_raise
    defsig_stak_inner.o(.text) refers to defsig_general.o(.text) for __default_signal_display
    defsig_pvfn_inner.o(.text) refers to defsig_general.o(.text) for __default_signal_display
    defsig_cppl_inner.o(.text) refers to defsig_general.o(.text) for __default_signal_display
    defsig_segv_inner.o(.text) refers to defsig_general.o(.text) for __default_signal_display
    defsig_other.o(.text) refers to defsig_general.o(.text) for __default_signal_display


==============================================================================

Removing Unused input sections from the image.

    Removing main.o(.text), (0 bytes).
    Removing main.o(.ARM.exidx.text.main), (8 bytes).
    Removing main.o(.ARM.use_no_argv), (4 bytes).
    Removing app_menu.o(.text), (0 bytes).
    Removing app_menu.o(.ARM.exidx.text.APP_Menu_Init), (8 bytes).
    Removing app_menu.o(.ARM.exidx.text.APP_Menu_Process), (8 bytes).
    Removing app_menu.o(.text.APP_Menu_GetCurrentItem), (12 bytes).
    Removing app_menu.o(.ARM.exidx.text.APP_Menu_GetCurrentItem), (8 bytes).
    Removing app_menu.o(.text.APP_Menu_GetState), (12 bytes).
    Removing app_menu.o(.ARM.exidx.text.APP_Menu_GetState), (8 bytes).
    Removing app_debug.o(.text), (0 bytes).
    Removing app_debug.o(.ARM.exidx.text.APP_Debug_Init), (8 bytes).
    Removing app_debug.o(.ARM.exidx.text.APP_Debug_PrintInputEvent), (8 bytes).
    Removing app_debug.o(.ARM.exidx.text.APP_Debug_PrintMaskName), (8 bytes).
    Removing bsp_input.o(.text), (0 bytes).
    Removing bsp_input.o(.text.BSP_Input_ClearAllEvents), (16 bytes).
    Removing bsp_input.o(.ARM.exidx.text.BSP_Input_ClearAllEvents), (8 bytes).
    Removing bsp_input.o(.ARM.exidx.text.BSP_Input_Init), (8 bytes).
    Removing bsp_input.o(.ARM.exidx.text.BSP_Input_Scan), (8 bytes).
    Removing bsp_input.o(.ARM.exidx.text.BSP_Input_FetchEvents), (8 bytes).
    Removing bsp_led.o(.text), (0 bytes).
    Removing bsp_led.o(.ARM.exidx.text.BSP_LED_Init), (8 bytes).
    Removing bsp_led.o(.text.BSP_LED_Off), (20 bytes).
    Removing bsp_led.o(.ARM.exidx.text.BSP_LED_Off), (8 bytes).
    Removing bsp_led.o(.ARM.exidx.text.BSP_LED_SetColor), (8 bytes).
    Removing ti_msp_dl_config.o(.text), (0 bytes).
    Removing ti_msp_dl_config.o(.ARM.exidx.text.SYSCFG_DL_init), (8 bytes).
    Removing ti_msp_dl_config.o(.ARM.exidx.text.SYSCFG_DL_initPower), (8 bytes).
    Removing ti_msp_dl_config.o(.ARM.exidx.text.SYSCFG_DL_GPIO_init), (8 bytes).
    Removing ti_msp_dl_config.o(.ARM.exidx.text.SYSCFG_DL_SYSCTL_init), (8 bytes).
    Removing ti_msp_dl_config.o(.ARM.exidx.text.SYSCFG_DL_UART_DEBUG_init), (8 bytes).
    Removing dl_common.o(.text), (0 bytes).
    Removing dl_common.o(.ARM.exidx.text.DL_Common_delayCycles), (8 bytes).
    Removing dl_uart.o(.text), (0 bytes).
    Removing dl_uart.o(.ARM.exidx.text.DL_UART_init), (8 bytes).
    Removing dl_uart.o(.ARM.exidx.text.DL_UART_setClockConfig), (8 bytes).
    Removing dl_uart.o(.text.DL_UART_getClockConfig), (16 bytes).
    Removing dl_uart.o(.ARM.exidx.text.DL_UART_getClockConfig), (8 bytes).
    Removing dl_uart.o(.text.DL_UART_configBaudRate), (140 bytes).
    Removing dl_uart.o(.ARM.exidx.text.DL_UART_configBaudRate), (8 bytes).
    Removing dl_uart.o(.text.DL_UART_configIrDAMode), (60 bytes).
    Removing dl_uart.o(.ARM.exidx.text.DL_UART_configIrDAMode), (8 bytes).
    Removing dl_uart.o(.text.DL_UART_setIrDAPulseLength), (42 bytes).
    Removing dl_uart.o(.ARM.exidx.text.DL_UART_setIrDAPulseLength), (8 bytes).
    Removing dl_uart.o(.text.DL_UART_receiveDataBlocking), (20 bytes).
    Removing dl_uart.o(.ARM.exidx.text.DL_UART_receiveDataBlocking), (8 bytes).
    Removing dl_uart.o(.ARM.exidx.text.DL_UART_transmitDataBlocking), (8 bytes).
    Removing dl_uart.o(.text.DL_UART_receiveDataCheck), (28 bytes).
    Removing dl_uart.o(.ARM.exidx.text.DL_UART_receiveDataCheck), (8 bytes).
    Removing dl_uart.o(.text.DL_UART_transmitDataCheck), (24 bytes).
    Removing dl_uart.o(.ARM.exidx.text.DL_UART_transmitDataCheck), (8 bytes).
    Removing dl_uart.o(.text.DL_UART_drainRXFIFO), (40 bytes).
    Removing dl_uart.o(.ARM.exidx.text.DL_UART_drainRXFIFO), (8 bytes).
    Removing dl_uart.o(.text.DL_UART_fillTXFIFO), (40 bytes).
    Removing dl_uart.o(.ARM.exidx.text.DL_UART_fillTXFIFO), (8 bytes).
    Removing dl_uart.o(.text.DL_UART_Main_saveConfiguration), (88 bytes).
    Removing dl_uart.o(.ARM.exidx.text.DL_UART_Main_saveConfiguration), (8 bytes).
    Removing dl_uart.o(.text.DL_UART_Main_restoreConfiguration), (120 bytes).
    Removing dl_uart.o(.ARM.exidx.text.DL_UART_Main_restoreConfiguration), (8 bytes).
    Removing dl_uart.o(.text.DL_UART_Extend_saveConfiguration), (104 bytes).
    Removing dl_uart.o(.ARM.exidx.text.DL_UART_Extend_saveConfiguration), (8 bytes).
    Removing dl_uart.o(.text.DL_UART_Extend_restoreConfiguration), (132 bytes).
    Removing dl_uart.o(.ARM.exidx.text.DL_UART_Extend_restoreConfiguration), (8 bytes).

63 unused section(s) (total 1214 bytes) removed from the image.

==============================================================================

Image Symbol Table

    Local Symbols

    Symbol Name                              Value     Ov Type        Size  Object(Section)

    ../clib/angel/boardlib.s                 0x00000000   Number         0  boardinit1.o ABSOLUTE
    ../clib/angel/boardlib.s                 0x00000000   Number         0  boardinit2.o ABSOLUTE
    ../clib/angel/boardlib.s                 0x00000000   Number         0  boardinit3.o ABSOLUTE
    ../clib/angel/boardlib.s                 0x00000000   Number         0  boardshut.o ABSOLUTE
    ../clib/angel/handlers.s                 0x00000000   Number         0  __scatter_zi.o ABSOLUTE
    ../clib/angel/kernel.s                   0x00000000   Number         0  __rtentry.o ABSOLUTE
    ../clib/angel/kernel.s                   0x00000000   Number         0  __rtentry2.o ABSOLUTE
    ../clib/angel/kernel.s                   0x00000000   Number         0  __rtentry4.o ABSOLUTE
    ../clib/angel/kernel.s                   0x00000000   Number         0  rtexit.o ABSOLUTE
    ../clib/angel/kernel.s                   0x00000000   Number         0  rtexit2.o ABSOLUTE
    ../clib/angel/rt.s                       0x00000000   Number         0  aeabi_idiv0.o ABSOLUTE
    ../clib/angel/rt.s                       0x00000000   Number         0  aeabi_idiv0_sigfpe.o ABSOLUTE
    ../clib/angel/rt.s                       0x00000000   Number         0  rt_div0.o ABSOLUTE
    ../clib/angel/rt.s                       0x00000000   Number         0  rt_raise.o ABSOLUTE
    ../clib/angel/scatterp.s                 0x00000000   Number         0  __scatter.o ABSOLUTE
    ../clib/angel/startup.s                  0x00000000   Number         0  __main.o ABSOLUTE
    ../clib/angel/sys.s                      0x00000000   Number         0  sys_stackheap_outer.o ABSOLUTE
    ../clib/angel/sys.s                      0x00000000   Number         0  libspace.o ABSOLUTE
    ../clib/angel/sys.s                      0x00000000   Number         0  tempstk.o ABSOLUTE
    ../clib/angel/sys.s                      0x00000000   Number         0  use_no_semi.o ABSOLUTE
    ../clib/angel/sys.s                      0x00000000   Number         0  indicate_semi.o ABSOLUTE
    ../clib/angel/sysapp.c                   0x00000000   Number         0  sys_exit.o ABSOLUTE
    ../clib/angel/sysapp.c                   0x00000000   Number         0  sys_exit_hlt.o ABSOLUTE
    ../clib/angel/sysapp.c                   0x00000000   Number         0  sys_wrch.o ABSOLUTE
    ../clib/angel/sysapp.c                   0x00000000   Number         0  sys_wrch_hlt.o ABSOLUTE
    ../clib/angel/sysapp.c                   0x00000000   Number         0  sys_command.o ABSOLUTE
    ../clib/angel/sysapp.c                   0x00000000   Number         0  sys_command_hlt.o ABSOLUTE
    ../clib/armsys.c                         0x00000000   Number         0  argv_veneer.o ABSOLUTE
    ../clib/armsys.c                         0x00000000   Number         0  _get_argv_nomalloc.o ABSOLUTE
    ../clib/armsys.c                         0x00000000   Number         0  no_argv.o ABSOLUTE
    ../clib/division.c                       0x00000000   Number         0  rtudiv10.o ABSOLUTE
    ../clib/division.s                       0x00000000   Number         0  aeabi_sdivfast.o ABSOLUTE
    ../clib/division.s                       0x00000000   Number         0  aeabi_sdivfast_div0.o ABSOLUTE
    ../clib/heapalloc.c                      0x00000000   Number         0  hrguard.o ABSOLUTE
    ../clib/heapaux.c                        0x00000000   Number         0  heapauxi.o ABSOLUTE
    ../clib/libinit.s                        0x00000000   Number         0  libinit.o ABSOLUTE
    ../clib/libinit.s                        0x00000000   Number         0  libinit2.o ABSOLUTE
    ../clib/libinit.s                        0x00000000   Number         0  libshutdown.o ABSOLUTE
    ../clib/libinit.s                        0x00000000   Number         0  libshutdown2.o ABSOLUTE
    ../clib/printf.c                         0x00000000   Number         0  __2snprintf.o ABSOLUTE
    ../clib/printf.c                         0x00000000   Number         0  noretval__2snprintf.o ABSOLUTE
    ../clib/printf.c                         0x00000000   Number         0  __printf.o ABSOLUTE
    ../clib/printf.c                         0x00000000   Number         0  _printf_dec.o ABSOLUTE
    ../clib/printf.c                         0x00000000   Number         0  __printf_flags.o ABSOLUTE
    ../clib/printf.c                         0x00000000   Number         0  __printf_ss.o ABSOLUTE
    ../clib/printf.c                         0x00000000   Number         0  __printf_flags_ss.o ABSOLUTE
    ../clib/printf.c                         0x00000000   Number         0  __printf_wp.o ABSOLUTE
    ../clib/printf.c                         0x00000000   Number         0  __printf_flags_wp.o ABSOLUTE
    ../clib/printf.c                         0x00000000   Number         0  __printf_ss_wp.o ABSOLUTE
    ../clib/printf.c                         0x00000000   Number         0  __printf_flags_ss_wp.o ABSOLUTE
    ../clib/printf.c                         0x00000000   Number         0  _printf_intcommon.o ABSOLUTE
    ../clib/printf.c                         0x00000000   Number         0  _printf_char_common.o ABSOLUTE
    ../clib/printf.c                         0x00000000   Number         0  _snputc.o ABSOLUTE
    ../clib/printf.c                         0x00000000   Number         0  __printf_nopercent.o ABSOLUTE
    ../clib/printf_percent.s                 0x00000000   Number         0  _printf_d.o ABSOLUTE
    ../clib/printf_percent.s                 0x00000000   Number         0  _printf_percent.o ABSOLUTE
    ../clib/printf_percent.s                 0x00000000   Number         0  _printf_percent_end.o ABSOLUTE
    ../clib/signal.c                         0x00000000   Number         0  defsig_fpe_outer.o ABSOLUTE
    ../clib/signal.c                         0x00000000   Number         0  defsig_fpe_formal.o ABSOLUTE
    ../clib/signal.c                         0x00000000   Number         0  defsig_exit.o ABSOLUTE
    ../clib/signal.c                         0x00000000   Number         0  defsig_fpe_inner.o ABSOLUTE
    ../clib/signal.c                         0x00000000   Number         0  __raise.o ABSOLUTE
    ../clib/signal.c                         0x00000000   Number         0  defsig_general.o ABSOLUTE
    ../clib/signal.c                         0x00000000   Number         0  defsig_abrt_inner.o ABSOLUTE
    ../clib/signal.c                         0x00000000   Number         0  defsig_rtred_inner.o ABSOLUTE
    ../clib/signal.c                         0x00000000   Number         0  defsig_rtmem_inner.o ABSOLUTE
    ../clib/signal.c                         0x00000000   Number         0  defsig_rtmem_outer.o ABSOLUTE
    ../clib/signal.c                         0x00000000   Number         0  defsig_rtmem_formal.o ABSOLUTE
    ../clib/signal.c                         0x00000000   Number         0  defsig_stak_inner.o ABSOLUTE
    ../clib/signal.c                         0x00000000   Number         0  defsig_pvfn_inner.o ABSOLUTE
    ../clib/signal.c                         0x00000000   Number         0  defsig_cppl_inner.o ABSOLUTE
    ../clib/signal.c                         0x00000000   Number         0  defsig_segv_inner.o ABSOLUTE
    ../clib/signal.c                         0x00000000   Number         0  defsig_other.o ABSOLUTE
    ../clib/signal.s                         0x00000000   Number         0  defsig.o ABSOLUTE
    ../clib/stdlib.c                         0x00000000   Number         0  exit.o ABSOLUTE
    ../fplib/cfplib/fpinit.c                 0x00000000   Number         0  fpinit.o ABSOLUTE
    app_debug.c                              0x00000000   Number         0  app_debug.o ABSOLUTE
    app_menu.c                               0x00000000   Number         0  app_menu.o ABSOLUTE
    bsp_input.c                              0x00000000   Number         0  bsp_input.o ABSOLUTE
    bsp_led.c                                0x00000000   Number         0  bsp_led.o ABSOLUTE
    dc.s                                     0x00000000   Number         0  dc.o ABSOLUTE
    dl_common.c                              0x00000000   Number         0  dl_common.o ABSOLUTE
    dl_uart.c                                0x00000000   Number         0  dl_uart.o ABSOLUTE
    main.c                                   0x00000000   Number         0  main.o ABSOLUTE
    startup_mspm0g351x_uvision.s             0x00000000   Number         0  startup_mspm0g351x_uvision.o ABSOLUTE
    ti_msp_dl_config.c                       0x00000000   Number         0  ti_msp_dl_config.o ABSOLUTE
    RESET                                    0x00000000   Section      192  startup_mspm0g351x_uvision.o(RESET)
    !!!main                                  0x000000c0   Section        8  __main.o(!!!main)
    !!!scatter                               0x000000c8   Section       84  __scatter.o(!!!scatter)
    !!handler_null                           0x00000120   Section        2  __scatter.o(!!handler_null)
    !!handler_zi                             0x00000128   Section       28  __scatter_zi.o(!!handler_zi)
    .ARM.Collect$$_printf_percent$$00000000  0x00000144   Section        2  _printf_percent.o(.ARM.Collect$$_printf_percent$$00000000)
    .ARM.Collect$$_printf_percent$$00000009  0x00000146   Section       10  _printf_d.o(.ARM.Collect$$_printf_percent$$00000009)
    .ARM.Collect$$_printf_percent$$00000017  0x00000150   Section        4  _printf_percent_end.o(.ARM.Collect$$_printf_percent$$00000017)
    .ARM.Collect$$libinit$$00000000          0x00000154   Section        2  libinit.o(.ARM.Collect$$libinit$$00000000)
    .ARM.Collect$$libinit$$00000002          0x00000156   Section        0  libinit2.o(.ARM.Collect$$libinit$$00000002)
    .ARM.Collect$$libinit$$00000004          0x00000156   Section        0  libinit2.o(.ARM.Collect$$libinit$$00000004)
    .ARM.Collect$$libinit$$00000006          0x00000156   Section        0  libinit2.o(.ARM.Collect$$libinit$$00000006)
    .ARM.Collect$$libinit$$0000000C          0x00000156   Section        0  libinit2.o(.ARM.Collect$$libinit$$0000000C)
    .ARM.Collect$$libinit$$0000000E          0x00000156   Section        0  libinit2.o(.ARM.Collect$$libinit$$0000000E)
    .ARM.Collect$$libinit$$00000010          0x00000156   Section        0  libinit2.o(.ARM.Collect$$libinit$$00000010)
    .ARM.Collect$$libinit$$00000013          0x00000156   Section        0  libinit2.o(.ARM.Collect$$libinit$$00000013)
    .ARM.Collect$$libinit$$00000015          0x00000156   Section        0  libinit2.o(.ARM.Collect$$libinit$$00000015)
    .ARM.Collect$$libinit$$00000017          0x00000156   Section        0  libinit2.o(.ARM.Collect$$libinit$$00000017)
    .ARM.Collect$$libinit$$00000019          0x00000156   Section        0  libinit2.o(.ARM.Collect$$libinit$$00000019)
    .ARM.Collect$$libinit$$0000001B          0x00000156   Section        0  libinit2.o(.ARM.Collect$$libinit$$0000001B)
    .ARM.Collect$$libinit$$0000001D          0x00000156   Section        0  libinit2.o(.ARM.Collect$$libinit$$0000001D)
    .ARM.Collect$$libinit$$0000001F          0x00000156   Section        0  libinit2.o(.ARM.Collect$$libinit$$0000001F)
    .ARM.Collect$$libinit$$00000021          0x00000156   Section        0  libinit2.o(.ARM.Collect$$libinit$$00000021)
    .ARM.Collect$$libinit$$00000023          0x00000156   Section        0  libinit2.o(.ARM.Collect$$libinit$$00000023)
    .ARM.Collect$$libinit$$00000025          0x00000156   Section        0  libinit2.o(.ARM.Collect$$libinit$$00000025)
    .ARM.Collect$$libinit$$00000027          0x00000156   Section        0  libinit2.o(.ARM.Collect$$libinit$$00000027)
    .ARM.Collect$$libinit$$0000002E          0x00000156   Section        0  libinit2.o(.ARM.Collect$$libinit$$0000002E)
    .ARM.Collect$$libinit$$00000030          0x00000156   Section        0  libinit2.o(.ARM.Collect$$libinit$$00000030)
    .ARM.Collect$$libinit$$00000032          0x00000156   Section        0  libinit2.o(.ARM.Collect$$libinit$$00000032)
    .ARM.Collect$$libinit$$00000034          0x00000156   Section        0  libinit2.o(.ARM.Collect$$libinit$$00000034)
    .ARM.Collect$$libinit$$00000035          0x00000156   Section        2  libinit2.o(.ARM.Collect$$libinit$$00000035)
    .ARM.Collect$$libshutdown$$00000000      0x00000158   Section        2  libshutdown.o(.ARM.Collect$$libshutdown$$00000000)
    .ARM.Collect$$libshutdown$$00000002      0x0000015a   Section        0  libshutdown2.o(.ARM.Collect$$libshutdown$$00000002)
    .ARM.Collect$$libshutdown$$00000004      0x0000015a   Section        0  libshutdown2.o(.ARM.Collect$$libshutdown$$00000004)
    .ARM.Collect$$libshutdown$$00000007      0x0000015a   Section        0  libshutdown2.o(.ARM.Collect$$libshutdown$$00000007)
    .ARM.Collect$$libshutdown$$0000000A      0x0000015a   Section        0  libshutdown2.o(.ARM.Collect$$libshutdown$$0000000A)
    .ARM.Collect$$libshutdown$$0000000C      0x0000015a   Section        0  libshutdown2.o(.ARM.Collect$$libshutdown$$0000000C)
    .ARM.Collect$$libshutdown$$0000000F      0x0000015a   Section        0  libshutdown2.o(.ARM.Collect$$libshutdown$$0000000F)
    .ARM.Collect$$libshutdown$$00000010      0x0000015a   Section        2  libshutdown2.o(.ARM.Collect$$libshutdown$$00000010)
    .ARM.Collect$$rtentry$$00000000          0x0000015c   Section        0  __rtentry.o(.ARM.Collect$$rtentry$$00000000)
    .ARM.Collect$$rtentry$$00000002          0x0000015c   Section        0  __rtentry2.o(.ARM.Collect$$rtentry$$00000002)
    .ARM.Collect$$rtentry$$00000004          0x0000015c   Section        6  __rtentry4.o(.ARM.Collect$$rtentry$$00000004)
    .ARM.Collect$$rtentry$$00000009          0x00000162   Section        0  __rtentry2.o(.ARM.Collect$$rtentry$$00000009)
    .ARM.Collect$$rtentry$$0000000A          0x00000162   Section        4  __rtentry2.o(.ARM.Collect$$rtentry$$0000000A)
    .ARM.Collect$$rtentry$$0000000C          0x00000166   Section        0  __rtentry2.o(.ARM.Collect$$rtentry$$0000000C)
    .ARM.Collect$$rtentry$$0000000D          0x00000166   Section        8  __rtentry2.o(.ARM.Collect$$rtentry$$0000000D)
    .ARM.Collect$$rtexit$$00000000           0x0000016e   Section        2  rtexit.o(.ARM.Collect$$rtexit$$00000000)
    .ARM.Collect$$rtexit$$00000002           0x00000170   Section        0  rtexit2.o(.ARM.Collect$$rtexit$$00000002)
    .ARM.Collect$$rtexit$$00000003           0x00000170   Section        4  rtexit2.o(.ARM.Collect$$rtexit$$00000003)
    .ARM.Collect$$rtexit$$00000004           0x00000174   Section        6  rtexit2.o(.ARM.Collect$$rtexit$$00000004)
    .text                                    0x0000017c   Section       44  startup_mspm0g351x_uvision.o(.text)
    .text                                    0x000001a8   Section        0  noretval__2snprintf.o(.text)
    .text                                    0x000001e8   Section        0  __printf.o(.text)
    .text                                    0x00000254   Section        0  _printf_dec.o(.text)
    .text                                    0x000002c0   Section        0  heapauxi.o(.text)
    .text                                    0x000002c6   Section        0  _printf_intcommon.o(.text)
    _printf_input_char                       0x00000379   Thumb Code    10  _printf_char_common.o(.text)
    .text                                    0x00000378   Section        0  _printf_char_common.o(.text)
    .text                                    0x000003a8   Section        0  _snputc.o(.text)
    .text                                    0x000003b8   Section        0  rtudiv10.o(.text)
    .text                                    0x000003e0   Section       62  sys_stackheap_outer.o(.text)
    .text                                    0x0000041e   Section        0  exit.o(.text)
    .text                                    0x00000430   Section        8  libspace.o(.text)
    .text                                    0x00000438   Section        0  sys_exit.o(.text)
    .text                                    0x00000444   Section        2  use_no_semi.o(.text)
    .text                                    0x00000446   Section        0  indicate_semi.o(.text)
    [Anonymous Symbol]                       0x00000448   Section        0  app_debug.o(.text.APP_Debug_Init)
    [Anonymous Symbol]                       0x00000548   Section        0  app_debug.o(.text.APP_Debug_PrintInputEvent)
    APP_Debug_PrintMaskName                  0x000005bd   Thumb Code   296  app_debug.o(.text.APP_Debug_PrintMaskName)
    [Anonymous Symbol]                       0x000005bc   Section        0  app_debug.o(.text.APP_Debug_PrintMaskName)
    __arm_cp.2_0                             0x000006e4   Number         4  app_debug.o(.text.APP_Debug_PrintMaskName)
    [Anonymous Symbol]                       0x000006e8   Section        0  app_menu.o(.text.APP_Menu_Init)
    [Anonymous Symbol]                       0x000006fc   Section        0  app_menu.o(.text.APP_Menu_Process)
    __arm_cp.1_0                             0x00000864   Number         4  app_menu.o(.text.APP_Menu_Process)
    __arm_cp.1_1                             0x00000868   Number         4  app_menu.o(.text.APP_Menu_Process)
    [Anonymous Symbol]                       0x00000874   Section        0  bsp_input.o(.text.BSP_Input_FetchEvents)
    [Anonymous Symbol]                       0x000008ac   Section        0  bsp_input.o(.text.BSP_Input_Init)
    [Anonymous Symbol]                       0x00000938   Section        0  bsp_input.o(.text.BSP_Input_Scan)
    __arm_cp.2_0                             0x00000acc   Number         4  bsp_input.o(.text.BSP_Input_Scan)
    __arm_cp.2_2                             0x00000ae4   Number         4  bsp_input.o(.text.BSP_Input_Scan)
    __arm_cp.2_3                             0x00000ae8   Number         4  bsp_input.o(.text.BSP_Input_Scan)
    __arm_cp.2_4                             0x00000aec   Number         4  bsp_input.o(.text.BSP_Input_Scan)
    __arm_cp.2_5                             0x00000af0   Number         4  bsp_input.o(.text.BSP_Input_Scan)
    __arm_cp.2_6                             0x00000af4   Number         4  bsp_input.o(.text.BSP_Input_Scan)
    BSP_Input_ScanEncoder.transTable         0x00000af8   Number         0  bsp_input.o(.text.BSP_Input_Scan)
    __arm_cp.2_8                             0x00000b08   Number         4  bsp_input.o(.text.BSP_Input_Scan)
    [Anonymous Symbol]                       0x00000b0c   Section        0  bsp_led.o(.text.BSP_LED_Init)
    [Anonymous Symbol]                       0x00000b1c   Section        0  bsp_led.o(.text.BSP_LED_SetColor)
    __arm_cp.2_0                             0x00000b84   Number         4  bsp_led.o(.text.BSP_LED_SetColor)
    [Anonymous Symbol]                       0x00000b88   Section        0  dl_common.o(.text.DL_Common_delayCycles)
    [Anonymous Symbol]                       0x00000b94   Section        0  dl_uart.o(.text.DL_UART_init)
    __arm_cp.0_0                             0x00000bd4   Number         4  dl_uart.o(.text.DL_UART_init)
    __arm_cp.0_1                             0x00000bd8   Number         4  dl_uart.o(.text.DL_UART_init)
    [Anonymous Symbol]                       0x00000bdc   Section        0  dl_uart.o(.text.DL_UART_setClockConfig)
    [Anonymous Symbol]                       0x00000bf0   Section        0  dl_uart.o(.text.DL_UART_transmitDataBlocking)
    __arm_cp.7_0                             0x00000c04   Number         4  dl_uart.o(.text.DL_UART_transmitDataBlocking)
    [Anonymous Symbol]                       0x00000c08   Section        0  ti_msp_dl_config.o(.text.SYSCFG_DL_GPIO_init)
    __arm_cp.2_0                             0x00000c64   Number         4  ti_msp_dl_config.o(.text.SYSCFG_DL_GPIO_init)
    __arm_cp.2_1                             0x00000c68   Number         4  ti_msp_dl_config.o(.text.SYSCFG_DL_GPIO_init)
    __arm_cp.2_2                             0x00000c6c   Number         4  ti_msp_dl_config.o(.text.SYSCFG_DL_GPIO_init)
    __arm_cp.2_3                             0x00000c70   Number         4  ti_msp_dl_config.o(.text.SYSCFG_DL_GPIO_init)
    __arm_cp.2_4                             0x00000c74   Number         4  ti_msp_dl_config.o(.text.SYSCFG_DL_GPIO_init)
    [Anonymous Symbol]                       0x00000c78   Section        0  ti_msp_dl_config.o(.text.SYSCFG_DL_SYSCTL_init)
    __arm_cp.3_0                             0x00000ca0   Number         4  ti_msp_dl_config.o(.text.SYSCFG_DL_SYSCTL_init)
    __arm_cp.3_1                             0x00000ca4   Number         4  ti_msp_dl_config.o(.text.SYSCFG_DL_SYSCTL_init)
    [Anonymous Symbol]                       0x00000ca8   Section        0  ti_msp_dl_config.o(.text.SYSCFG_DL_UART_DEBUG_init)
    __arm_cp.4_0                             0x00000d10   Number         4  ti_msp_dl_config.o(.text.SYSCFG_DL_UART_DEBUG_init)
    __arm_cp.4_1                             0x00000d14   Number         4  ti_msp_dl_config.o(.text.SYSCFG_DL_UART_DEBUG_init)
    __arm_cp.4_2                             0x00000d18   Number         4  ti_msp_dl_config.o(.text.SYSCFG_DL_UART_DEBUG_init)
    __arm_cp.4_3                             0x00000d1c   Number         4  ti_msp_dl_config.o(.text.SYSCFG_DL_UART_DEBUG_init)
    __arm_cp.4_4                             0x00000d20   Number         4  ti_msp_dl_config.o(.text.SYSCFG_DL_UART_DEBUG_init)
    [Anonymous Symbol]                       0x00000d24   Section        0  ti_msp_dl_config.o(.text.SYSCFG_DL_init)
    [Anonymous Symbol]                       0x00000d38   Section        0  ti_msp_dl_config.o(.text.SYSCFG_DL_initPower)
    __arm_cp.1_0                             0x00000d58   Number         4  ti_msp_dl_config.o(.text.SYSCFG_DL_initPower)
    __arm_cp.1_1                             0x00000d5c   Number         4  ti_msp_dl_config.o(.text.SYSCFG_DL_initPower)
    __arm_cp.1_2                             0x00000d60   Number         4  ti_msp_dl_config.o(.text.SYSCFG_DL_initPower)
    __arm_cp.1_3                             0x00000d64   Number         4  ti_msp_dl_config.o(.text.SYSCFG_DL_initPower)
    __arm_cp.1_4                             0x00000d68   Number         4  ti_msp_dl_config.o(.text.SYSCFG_DL_initPower)
    [Anonymous Symbol]                       0x00000d6c   Section        0  main.o(.text.main)
    __arm_cp.0_0                             0x00000dac   Number         4  main.o(.text.main)
    gUART_DEBUGClockConfig                   0x00000db0   Data           2  ti_msp_dl_config.o(.rodata.gUART_DEBUGClockConfig)
    [Anonymous Symbol]                       0x00000db0   Section        0  ti_msp_dl_config.o(.rodata.gUART_DEBUGClockConfig)
    gUART_DEBUGConfig                        0x00000db2   Data          10  ti_msp_dl_config.o(.rodata.gUART_DEBUGConfig)
    [Anonymous Symbol]                       0x00000db2   Section        0  ti_msp_dl_config.o(.rodata.gUART_DEBUGConfig)
    .bss                                     0x20200000   Section       96  libspace.o(.bss)
    g_encAcc                                 0x20200060   Data           1  bsp_input.o(.bss.g_encAcc)
    [Anonymous Symbol]                       0x20200060   Section        0  bsp_input.o(.bss.g_encAcc)
    g_encPrevAB                              0x20200061   Data           1  bsp_input.o(.bss.g_encPrevAB)
    [Anonymous Symbol]                       0x20200061   Section        0  bsp_input.o(.bss.g_encPrevAB)
    g_inputEvent                             0x20200062   Data           3  bsp_input.o(.bss.g_inputEvent)
    [Anonymous Symbol]                       0x20200062   Section        0  bsp_input.o(.bss.g_inputEvent)
    g_keyState                               0x20200066   Data          40  bsp_input.o(.bss.g_keyState)
    [Anonymous Symbol]                       0x20200066   Section        0  bsp_input.o(.bss.g_keyState)
    g_menuItem                               0x2020008e   Data           1  app_menu.o(.bss.g_menuItem)
    [Anonymous Symbol]                       0x2020008e   Section        0  app_menu.o(.bss.g_menuItem)
    g_menuState                              0x2020008f   Data           1  app_menu.o(.bss.g_menuState)
    [Anonymous Symbol]                       0x2020008f   Section        0  app_menu.o(.bss.g_menuState)
    Heap_Mem                                 0x20200090   Data           0  startup_mspm0g351x_uvision.o(HEAP)
    Stack_Mem                                0x20200090   Data         256  startup_mspm0g351x_uvision.o(STACK)
    HEAP                                     0x20200090   Section        0  startup_mspm0g351x_uvision.o(HEAP)
    STACK                                    0x20200090   Section      256  startup_mspm0g351x_uvision.o(STACK)
    __initial_sp                             0x20200190   Data           0  startup_mspm0g351x_uvision.o(STACK)

    Global Symbols

    Symbol Name                              Value     Ov Type        Size  Object(Section)

    BuildAttributes$$THM_ISAv3M$S$PE$A:L22$X:L11$S22$IEEE1$IW$~IW$USESV6$~STKCKD$USESV7$~SHL$OTIME$ROPI$EBA8$UX$STANDARDLIB$REQ8$PRES8$EABIv2 0x00000000   Number         0  anon$$obj.o ABSOLUTE
    __Vectors                                0x00000000   Data           4  startup_mspm0g351x_uvision.o(RESET)
    __ARM_exceptions_init                     - Undefined Weak Reference
    __alloca_initialize                       - Undefined Weak Reference
    __arm_preinit_                            - Undefined Weak Reference
    __arm_relocate_pie_                       - Undefined Weak Reference
    __cpp_initialize__aeabi_                  - Undefined Weak Reference
    __cxa_finalize                            - Undefined Weak Reference
    __rt_locale                               - Undefined Weak Reference
    __sigvec_lookup                           - Undefined Weak Reference
    _atexit_init                              - Undefined Weak Reference
    _call_atexit_fns                          - Undefined Weak Reference
    _clock_init                               - Undefined Weak Reference
    _fp_trap_init                             - Undefined Weak Reference
    _fp_trap_shutdown                         - Undefined Weak Reference
    _get_lc_collate                           - Undefined Weak Reference
    _get_lc_ctype                             - Undefined Weak Reference
    _get_lc_monetary                          - Undefined Weak Reference
    _get_lc_numeric                           - Undefined Weak Reference
    _get_lc_time                              - Undefined Weak Reference
    _getenv_init                              - Undefined Weak Reference
    _handle_redirection                       - Undefined Weak Reference
    _init_alloc                               - Undefined Weak Reference
    _init_user_alloc                          - Undefined Weak Reference
    _initio                                   - Undefined Weak Reference
    _printf_post_padding                      - Undefined Weak Reference
    _printf_pre_padding                       - Undefined Weak Reference
    _printf_truncate_signed                   - Undefined Weak Reference
    _printf_truncate_unsigned                 - Undefined Weak Reference
    _rand_init                                - Undefined Weak Reference
    _signal_finish                            - Undefined Weak Reference
    _signal_init                              - Undefined Weak Reference
    _terminate_alloc                          - Undefined Weak Reference
    _terminate_user_alloc                     - Undefined Weak Reference
    _terminateio                              - Undefined Weak Reference
    __Vectors_End                            0x000000c0   Data           0  startup_mspm0g351x_uvision.o(RESET)
    __Vectors_Size                           0x000000c0   Number         0  startup_mspm0g351x_uvision.o ABSOLUTE
    __main                                   0x000000c1   Thumb Code     8  __main.o(!!!main)
    __scatterload                            0x000000c9   Thumb Code     0  __scatter.o(!!!scatter)
    __scatterload_rt2                        0x000000c9   Thumb Code    74  __scatter.o(!!!scatter)
    __scatterload_rt2_thumb_only             0x000000c9   Thumb Code     0  __scatter.o(!!!scatter)
    __scatterload_loop                       0x000000d3   Thumb Code     0  __scatter.o(!!!scatter)
    __scatterload_null                       0x00000121   Thumb Code     2  __scatter.o(!!handler_null)
    __scatterload_zeroinit                   0x00000129   Thumb Code    28  __scatter_zi.o(!!handler_zi)
    _printf_percent                          0x00000145   Thumb Code     0  _printf_percent.o(.ARM.Collect$$_printf_percent$$00000000)
    _printf_d                                0x00000147   Thumb Code     0  _printf_d.o(.ARM.Collect$$_printf_percent$$00000009)
    _printf_percent_end                      0x00000151   Thumb Code     0  _printf_percent_end.o(.ARM.Collect$$_printf_percent$$00000017)
    __rt_lib_init                            0x00000155   Thumb Code     0  libinit.o(.ARM.Collect$$libinit$$00000000)
    __rt_lib_init_alloca_1                   0x00000157   Thumb Code     0  libinit2.o(.ARM.Collect$$libinit$$00000030)
    __rt_lib_init_argv_1                     0x00000157   Thumb Code     0  libinit2.o(.ARM.Collect$$libinit$$0000002E)
    __rt_lib_init_atexit_1                   0x00000157   Thumb Code     0  libinit2.o(.ARM.Collect$$libinit$$0000001D)
    __rt_lib_init_clock_1                    0x00000157   Thumb Code     0  libinit2.o(.ARM.Collect$$libinit$$00000023)
    __rt_lib_init_cpp_1                      0x00000157   Thumb Code     0  libinit2.o(.ARM.Collect$$libinit$$00000034)
    __rt_lib_init_exceptions_1               0x00000157   Thumb Code     0  libinit2.o(.ARM.Collect$$libinit$$00000032)
    __rt_lib_init_fp_1                       0x00000157   Thumb Code     0  libinit2.o(.ARM.Collect$$libinit$$00000002)
    __rt_lib_init_fp_trap_1                  0x00000157   Thumb Code     0  libinit2.o(.ARM.Collect$$libinit$$00000021)
    __rt_lib_init_getenv_1                   0x00000157   Thumb Code     0  libinit2.o(.ARM.Collect$$libinit$$00000025)
    __rt_lib_init_heap_1                     0x00000157   Thumb Code     0  libinit2.o(.ARM.Collect$$libinit$$0000000C)
    __rt_lib_init_lc_collate_1               0x00000157   Thumb Code     0  libinit2.o(.ARM.Collect$$libinit$$00000013)
    __rt_lib_init_lc_ctype_1                 0x00000157   Thumb Code     0  libinit2.o(.ARM.Collect$$libinit$$00000015)
    __rt_lib_init_lc_monetary_1              0x00000157   Thumb Code     0  libinit2.o(.ARM.Collect$$libinit$$00000017)
    __rt_lib_init_lc_numeric_1               0x00000157   Thumb Code     0  libinit2.o(.ARM.Collect$$libinit$$00000019)
    __rt_lib_init_lc_time_1                  0x00000157   Thumb Code     0  libinit2.o(.ARM.Collect$$libinit$$0000001B)
    __rt_lib_init_preinit_1                  0x00000157   Thumb Code     0  libinit2.o(.ARM.Collect$$libinit$$00000006)
    __rt_lib_init_rand_1                     0x00000157   Thumb Code     0  libinit2.o(.ARM.Collect$$libinit$$00000010)
    __rt_lib_init_relocate_pie_1             0x00000157   Thumb Code     0  libinit2.o(.ARM.Collect$$libinit$$00000004)
    __rt_lib_init_return                     0x00000157   Thumb Code     0  libinit2.o(.ARM.Collect$$libinit$$00000035)
    __rt_lib_init_signal_1                   0x00000157   Thumb Code     0  libinit2.o(.ARM.Collect$$libinit$$0000001F)
    __rt_lib_init_stdio_1                    0x00000157   Thumb Code     0  libinit2.o(.ARM.Collect$$libinit$$00000027)
    __rt_lib_init_user_alloc_1               0x00000157   Thumb Code     0  libinit2.o(.ARM.Collect$$libinit$$0000000E)
    __rt_lib_shutdown                        0x00000159   Thumb Code     0  libshutdown.o(.ARM.Collect$$libshutdown$$00000000)
    __rt_lib_shutdown_cpp_1                  0x0000015b   Thumb Code     0  libshutdown2.o(.ARM.Collect$$libshutdown$$00000002)
    __rt_lib_shutdown_fp_trap_1              0x0000015b   Thumb Code     0  libshutdown2.o(.ARM.Collect$$libshutdown$$00000007)
    __rt_lib_shutdown_heap_1                 0x0000015b   Thumb Code     0  libshutdown2.o(.ARM.Collect$$libshutdown$$0000000F)
    __rt_lib_shutdown_return                 0x0000015b   Thumb Code     0  libshutdown2.o(.ARM.Collect$$libshutdown$$00000010)
    __rt_lib_shutdown_signal_1               0x0000015b   Thumb Code     0  libshutdown2.o(.ARM.Collect$$libshutdown$$0000000A)
    __rt_lib_shutdown_stdio_1                0x0000015b   Thumb Code     0  libshutdown2.o(.ARM.Collect$$libshutdown$$00000004)
    __rt_lib_shutdown_user_alloc_1           0x0000015b   Thumb Code     0  libshutdown2.o(.ARM.Collect$$libshutdown$$0000000C)
    __rt_entry                               0x0000015d   Thumb Code     0  __rtentry.o(.ARM.Collect$$rtentry$$00000000)
    __rt_entry_presh_1                       0x0000015d   Thumb Code     0  __rtentry2.o(.ARM.Collect$$rtentry$$00000002)
    __rt_entry_sh                            0x0000015d   Thumb Code     0  __rtentry4.o(.ARM.Collect$$rtentry$$00000004)
    __rt_entry_li                            0x00000163   Thumb Code     0  __rtentry2.o(.ARM.Collect$$rtentry$$0000000A)
    __rt_entry_postsh_1                      0x00000163   Thumb Code     0  __rtentry2.o(.ARM.Collect$$rtentry$$00000009)
    __rt_entry_main                          0x00000167   Thumb Code     0  __rtentry2.o(.ARM.Collect$$rtentry$$0000000D)
    __rt_entry_postli_1                      0x00000167   Thumb Code     0  __rtentry2.o(.ARM.Collect$$rtentry$$0000000C)
    __rt_exit                                0x0000016f   Thumb Code     0  rtexit.o(.ARM.Collect$$rtexit$$00000000)
    __rt_exit_ls                             0x00000171   Thumb Code     0  rtexit2.o(.ARM.Collect$$rtexit$$00000003)
    __rt_exit_prels_1                        0x00000171   Thumb Code     0  rtexit2.o(.ARM.Collect$$rtexit$$00000002)
    __rt_exit_exit                           0x00000175   Thumb Code     0  rtexit2.o(.ARM.Collect$$rtexit$$00000004)
    Reset_Handler                            0x0000017d   Thumb Code     4  startup_mspm0g351x_uvision.o(.text)
    NMI_Handler                              0x00000181   Thumb Code     2  startup_mspm0g351x_uvision.o(.text)
    HardFault_Handler                        0x00000183   Thumb Code     2  startup_mspm0g351x_uvision.o(.text)
    SVC_Handler                              0x00000185   Thumb Code     2  startup_mspm0g351x_uvision.o(.text)
    PendSV_Handler                           0x00000187   Thumb Code     2  startup_mspm0g351x_uvision.o(.text)
    SysTick_Handler                          0x00000189   Thumb Code     2  startup_mspm0g351x_uvision.o(.text)
    ADC0_IRQHandler                          0x0000018b   Thumb Code     0  startup_mspm0g351x_uvision.o(.text)
    ADC1_IRQHandler                          0x0000018b   Thumb Code     0  startup_mspm0g351x_uvision.o(.text)
    AESADV_IRQHandler                        0x0000018b   Thumb Code     0  startup_mspm0g351x_uvision.o(.text)
    CANFD0_IRQHandler                        0x0000018b   Thumb Code     0  startup_mspm0g351x_uvision.o(.text)
    CANFD1_IRQHandler                        0x0000018b   Thumb Code     0  startup_mspm0g351x_uvision.o(.text)
    DAC0_IRQHandler                          0x0000018b   Thumb Code     0  startup_mspm0g351x_uvision.o(.text)
    DMA_IRQHandler                           0x0000018b   Thumb Code     0  startup_mspm0g351x_uvision.o(.text)
    Default_Handler                          0x0000018b   Thumb Code     2  startup_mspm0g351x_uvision.o(.text)
    GROUP0_IRQHandler                        0x0000018b   Thumb Code     0  startup_mspm0g351x_uvision.o(.text)
    GROUP1_IRQHandler                        0x0000018b   Thumb Code     0  startup_mspm0g351x_uvision.o(.text)
    I2C0_IRQHandler                          0x0000018b   Thumb Code     0  startup_mspm0g351x_uvision.o(.text)
    I2C1_IRQHandler                          0x0000018b   Thumb Code     0  startup_mspm0g351x_uvision.o(.text)
    I2C2_IRQHandler                          0x0000018b   Thumb Code     0  startup_mspm0g351x_uvision.o(.text)
    LFSS_IRQHandler                          0x0000018b   Thumb Code     0  startup_mspm0g351x_uvision.o(.text)
    SPI0_IRQHandler                          0x0000018b   Thumb Code     0  startup_mspm0g351x_uvision.o(.text)
    SPI1_IRQHandler                          0x0000018b   Thumb Code     0  startup_mspm0g351x_uvision.o(.text)
    SPI2_IRQHandler                          0x0000018b   Thumb Code     0  startup_mspm0g351x_uvision.o(.text)
    TIMA0_IRQHandler                         0x0000018b   Thumb Code     0  startup_mspm0g351x_uvision.o(.text)
    TIMA1_IRQHandler                         0x0000018b   Thumb Code     0  startup_mspm0g351x_uvision.o(.text)
    TIMG0_IRQHandler                         0x0000018b   Thumb Code     0  startup_mspm0g351x_uvision.o(.text)
    TIMG12_IRQHandler                        0x0000018b   Thumb Code     0  startup_mspm0g351x_uvision.o(.text)
    TIMG14_IRQHandler                        0x0000018b   Thumb Code     0  startup_mspm0g351x_uvision.o(.text)
    TIMG6_IRQHandler                         0x0000018b   Thumb Code     0  startup_mspm0g351x_uvision.o(.text)
    TIMG7_IRQHandler                         0x0000018b   Thumb Code     0  startup_mspm0g351x_uvision.o(.text)
    TIMG8_IRQHandler                         0x0000018b   Thumb Code     0  startup_mspm0g351x_uvision.o(.text)
    TIMG9_IRQHandler                         0x0000018b   Thumb Code     0  startup_mspm0g351x_uvision.o(.text)
    UART0_IRQHandler                         0x0000018b   Thumb Code     0  startup_mspm0g351x_uvision.o(.text)
    UART1_IRQHandler                         0x0000018b   Thumb Code     0  startup_mspm0g351x_uvision.o(.text)
    UART3_IRQHandler                         0x0000018b   Thumb Code     0  startup_mspm0g351x_uvision.o(.text)
    UART4_IRQHandler                         0x0000018b   Thumb Code     0  startup_mspm0g351x_uvision.o(.text)
    UART5_IRQHandler                         0x0000018b   Thumb Code     0  startup_mspm0g351x_uvision.o(.text)
    UART6_IRQHandler                         0x0000018b   Thumb Code     0  startup_mspm0g351x_uvision.o(.text)
    UART7_IRQHandler                         0x0000018b   Thumb Code     0  startup_mspm0g351x_uvision.o(.text)
    __user_initial_stackheap                 0x0000018d   Thumb Code    10  startup_mspm0g351x_uvision.o(.text)
    __2snprintf                              0x000001a9   Thumb Code    60  noretval__2snprintf.o(.text)
    __printf                                 0x000001e9   Thumb Code   108  __printf.o(.text)
    _printf_int_dec                          0x00000255   Thumb Code    90  _printf_dec.o(.text)
    __use_two_region_memory                  0x000002c1   Thumb Code     2  heapauxi.o(.text)
    __rt_heap_escrow$2region                 0x000002c3   Thumb Code     2  heapauxi.o(.text)
    __rt_heap_expand$2region                 0x000002c5   Thumb Code     2  heapauxi.o(.text)
    _printf_int_common                       0x000002c7   Thumb Code   176  _printf_intcommon.o(.text)
    _printf_char_common                      0x00000383   Thumb Code    32  _printf_char_common.o(.text)
    _snputc                                  0x000003a9   Thumb Code    16  _snputc.o(.text)
    __rt_udiv10                              0x000003b9   Thumb Code    40  rtudiv10.o(.text)
    __user_setup_stackheap                   0x000003e1   Thumb Code    62  sys_stackheap_outer.o(.text)
    exit                                     0x0000041f   Thumb Code    16  exit.o(.text)
    __user_libspace                          0x00000431   Thumb Code     8  libspace.o(.text)
    __user_perproc_libspace                  0x00000431   Thumb Code     0  libspace.o(.text)
    __user_perthread_libspace                0x00000431   Thumb Code     0  libspace.o(.text)
    _sys_exit                                0x00000439   Thumb Code     8  sys_exit.o(.text)
    __I$use$semihosting                      0x00000445   Thumb Code     0  use_no_semi.o(.text)
    __use_no_semihosting_swi                 0x00000445   Thumb Code     2  use_no_semi.o(.text)
    __semihosting_library_function           0x00000447   Thumb Code     0  indicate_semi.o(.text)
    APP_Debug_Init                           0x00000449   Thumb Code   256  app_debug.o(.text.APP_Debug_Init)
    APP_Debug_PrintInputEvent                0x00000549   Thumb Code    88  app_debug.o(.text.APP_Debug_PrintInputEvent)
    APP_Menu_Init                            0x000006e9   Thumb Code    20  app_menu.o(.text.APP_Menu_Init)
    APP_Menu_Process                         0x000006fd   Thumb Code   360  app_menu.o(.text.APP_Menu_Process)
    BSP_Input_FetchEvents                    0x00000875   Thumb Code    56  bsp_input.o(.text.BSP_Input_FetchEvents)
    BSP_Input_Init                           0x000008ad   Thumb Code   140  bsp_input.o(.text.BSP_Input_Init)
    BSP_Input_Scan                           0x00000939   Thumb Code   404  bsp_input.o(.text.BSP_Input_Scan)
    BSP_LED_Init                             0x00000b0d   Thumb Code    16  bsp_led.o(.text.BSP_LED_Init)
    BSP_LED_SetColor                         0x00000b1d   Thumb Code   104  bsp_led.o(.text.BSP_LED_SetColor)
    DL_Common_delayCycles                    0x00000b89   Thumb Code    10  dl_common.o(.text.DL_Common_delayCycles)
    DL_UART_init                             0x00000b95   Thumb Code    72  dl_uart.o(.text.DL_UART_init)
    DL_UART_setClockConfig                   0x00000bdd   Thumb Code    18  dl_uart.o(.text.DL_UART_setClockConfig)
    DL_UART_transmitDataBlocking             0x00000bf1   Thumb Code    24  dl_uart.o(.text.DL_UART_transmitDataBlocking)
    SYSCFG_DL_GPIO_init                      0x00000c09   Thumb Code    92  ti_msp_dl_config.o(.text.SYSCFG_DL_GPIO_init)
    SYSCFG_DL_SYSCTL_init                    0x00000c79   Thumb Code    40  ti_msp_dl_config.o(.text.SYSCFG_DL_SYSCTL_init)
    SYSCFG_DL_UART_DEBUG_init                0x00000ca9   Thumb Code   104  ti_msp_dl_config.o(.text.SYSCFG_DL_UART_DEBUG_init)
    SYSCFG_DL_init                           0x00000d25   Thumb Code    20  ti_msp_dl_config.o(.text.SYSCFG_DL_init)
    SYSCFG_DL_initPower                      0x00000d39   Thumb Code    32  ti_msp_dl_config.o(.text.SYSCFG_DL_initPower)
    main                                     0x00000d6d   Thumb Code    64  main.o(.text.main)
    Region$$Table$$Base                      0x00000dc0   Number         0  anon$$obj.o(Region$$Table)
    Region$$Table$$Limit                     0x00000dd0   Number         0  anon$$obj.o(Region$$Table)
    __libspace_start                         0x20200000   Data          96  libspace.o(.bss)
    __temporary_stack_top$libspace           0x20200060   Data           0  libspace.o(.bss)



==============================================================================

Memory Map of the image

  Image Entry point : 0x000000c1

  Load Region LR_IROM1 (Base: 0x00000000, Size: 0x00000dd0, Max: 0x00080000, ABSOLUTE)

    Execution Region ER_IROM1 (Exec base: 0x00000000, Load base: 0x00000000, Size: 0x00000dd0, Max: 0x00080000, ABSOLUTE)

    Exec Addr    Load Addr    Size         Type   Attr      Idx    E Section Name        Object

    0x00000000   0x00000000   0x000000c0   Data   RO            3    RESET               startup_mspm0g351x_uvision.o
    0x000000c0   0x000000c0   0x00000008   Code   RO          196  * !!!main             c_p.l(__main.o)
    0x000000c8   0x000000c8   0x00000054   Code   RO          384    !!!scatter          c_p.l(__scatter.o)
    0x0000011c   0x0000011c   0x00000004   PAD
    0x00000120   0x00000120   0x00000002   Code   RO          385    !!handler_null      c_p.l(__scatter.o)
    0x00000122   0x00000122   0x00000006   PAD
    0x00000128   0x00000128   0x0000001c   Code   RO          388    !!handler_zi        c_p.l(__scatter_zi.o)
    0x00000144   0x00000144   0x00000002   Code   RO          185    .ARM.Collect$$_printf_percent$$00000000  c_p.l(_printf_percent.o)
    0x00000146   0x00000146   0x0000000a   Code   RO          184    .ARM.Collect$$_printf_percent$$00000009  c_p.l(_printf_d.o)
    0x00000150   0x00000150   0x00000004   Code   RO          209    .ARM.Collect$$_printf_percent$$00000017  c_p.l(_printf_percent_end.o)
    0x00000154   0x00000154   0x00000002   Code   RO          245    .ARM.Collect$$libinit$$00000000  c_p.l(libinit.o)
    0x00000156   0x00000156   0x00000000   Code   RO          259    .ARM.Collect$$libinit$$00000002  c_p.l(libinit2.o)
    0x00000156   0x00000156   0x00000000   Code   RO          261    .ARM.Collect$$libinit$$00000004  c_p.l(libinit2.o)
    0x00000156   0x00000156   0x00000000   Code   RO          263    .ARM.Collect$$libinit$$00000006  c_p.l(libinit2.o)
    0x00000156   0x00000156   0x00000000   Code   RO          266    .ARM.Collect$$libinit$$0000000C  c_p.l(libinit2.o)
    0x00000156   0x00000156   0x00000000   Code   RO          268    .ARM.Collect$$libinit$$0000000E  c_p.l(libinit2.o)
    0x00000156   0x00000156   0x00000000   Code   RO          270    .ARM.Collect$$libinit$$00000010  c_p.l(libinit2.o)
    0x00000156   0x00000156   0x00000000   Code   RO          273    .ARM.Collect$$libinit$$00000013  c_p.l(libinit2.o)
    0x00000156   0x00000156   0x00000000   Code   RO          275    .ARM.Collect$$libinit$$00000015  c_p.l(libinit2.o)
    0x00000156   0x00000156   0x00000000   Code   RO          277    .ARM.Collect$$libinit$$00000017  c_p.l(libinit2.o)
    0x00000156   0x00000156   0x00000000   Code   RO          279    .ARM.Collect$$libinit$$00000019  c_p.l(libinit2.o)
    0x00000156   0x00000156   0x00000000   Code   RO          281    .ARM.Collect$$libinit$$0000001B  c_p.l(libinit2.o)
    0x00000156   0x00000156   0x00000000   Code   RO          283    .ARM.Collect$$libinit$$0000001D  c_p.l(libinit2.o)
    0x00000156   0x00000156   0x00000000   Code   RO          285    .ARM.Collect$$libinit$$0000001F  c_p.l(libinit2.o)
    0x00000156   0x00000156   0x00000000   Code   RO          287    .ARM.Collect$$libinit$$00000021  c_p.l(libinit2.o)
    0x00000156   0x00000156   0x00000000   Code   RO          289    .ARM.Collect$$libinit$$00000023  c_p.l(libinit2.o)
    0x00000156   0x00000156   0x00000000   Code   RO          291    .ARM.Collect$$libinit$$00000025  c_p.l(libinit2.o)
    0x00000156   0x00000156   0x00000000   Code   RO          293    .ARM.Collect$$libinit$$00000027  c_p.l(libinit2.o)
    0x00000156   0x00000156   0x00000000   Code   RO          297    .ARM.Collect$$libinit$$0000002E  c_p.l(libinit2.o)
    0x00000156   0x00000156   0x00000000   Code   RO          299    .ARM.Collect$$libinit$$00000030  c_p.l(libinit2.o)
    0x00000156   0x00000156   0x00000000   Code   RO          301    .ARM.Collect$$libinit$$00000032  c_p.l(libinit2.o)
    0x00000156   0x00000156   0x00000000   Code   RO          303    .ARM.Collect$$libinit$$00000034  c_p.l(libinit2.o)
    0x00000156   0x00000156   0x00000002   Code   RO          304    .ARM.Collect$$libinit$$00000035  c_p.l(libinit2.o)
    0x00000158   0x00000158   0x00000002   Code   RO          339    .ARM.Collect$$libshutdown$$00000000  c_p.l(libshutdown.o)
    0x0000015a   0x0000015a   0x00000000   Code   RO          367    .ARM.Collect$$libshutdown$$00000002  c_p.l(libshutdown2.o)
    0x0000015a   0x0000015a   0x00000000   Code   RO          369    .ARM.Collect$$libshutdown$$00000004  c_p.l(libshutdown2.o)
    0x0000015a   0x0000015a   0x00000000   Code   RO          372    .ARM.Collect$$libshutdown$$00000007  c_p.l(libshutdown2.o)
    0x0000015a   0x0000015a   0x00000000   Code   RO          375    .ARM.Collect$$libshutdown$$0000000A  c_p.l(libshutdown2.o)
    0x0000015a   0x0000015a   0x00000000   Code   RO          377    .ARM.Collect$$libshutdown$$0000000C  c_p.l(libshutdown2.o)
    0x0000015a   0x0000015a   0x00000000   Code   RO          380    .ARM.Collect$$libshutdown$$0000000F  c_p.l(libshutdown2.o)
    0x0000015a   0x0000015a   0x00000002   Code   RO          381    .ARM.Collect$$libshutdown$$00000010  c_p.l(libshutdown2.o)
    0x0000015c   0x0000015c   0x00000000   Code   RO          198    .ARM.Collect$$rtentry$$00000000  c_p.l(__rtentry.o)
    0x0000015c   0x0000015c   0x00000000   Code   RO          213    .ARM.Collect$$rtentry$$00000002  c_p.l(__rtentry2.o)
    0x0000015c   0x0000015c   0x00000006   Code   RO          225    .ARM.Collect$$rtentry$$00000004  c_p.l(__rtentry4.o)
    0x00000162   0x00000162   0x00000000   Code   RO          215    .ARM.Collect$$rtentry$$00000009  c_p.l(__rtentry2.o)
    0x00000162   0x00000162   0x00000004   Code   RO          216    .ARM.Collect$$rtentry$$0000000A  c_p.l(__rtentry2.o)
    0x00000166   0x00000166   0x00000000   Code   RO          218    .ARM.Collect$$rtentry$$0000000C  c_p.l(__rtentry2.o)
    0x00000166   0x00000166   0x00000008   Code   RO          219    .ARM.Collect$$rtentry$$0000000D  c_p.l(__rtentry2.o)
    0x0000016e   0x0000016e   0x00000002   Code   RO          250    .ARM.Collect$$rtexit$$00000000  c_p.l(rtexit.o)
    0x00000170   0x00000170   0x00000000   Code   RO          310    .ARM.Collect$$rtexit$$00000002  c_p.l(rtexit2.o)
    0x00000170   0x00000170   0x00000004   Code   RO          311    .ARM.Collect$$rtexit$$00000003  c_p.l(rtexit2.o)
    0x00000174   0x00000174   0x00000006   Code   RO          312    .ARM.Collect$$rtexit$$00000004  c_p.l(rtexit2.o)
    0x0000017a   0x0000017a   0x00000002   PAD
    0x0000017c   0x0000017c   0x0000002c   Code   RO            4    .text               startup_mspm0g351x_uvision.o
    0x000001a8   0x000001a8   0x00000040   Code   RO          158    .text               c_p.l(noretval__2snprintf.o)
    0x000001e8   0x000001e8   0x0000006c   Code   RO          160    .text               c_p.l(__printf.o)
    0x00000254   0x00000254   0x0000006c   Code   RO          162    .text               c_p.l(_printf_dec.o)
    0x000002c0   0x000002c0   0x00000006   Code   RO          194    .text               c_p.l(heapauxi.o)
    0x000002c6   0x000002c6   0x000000b0   Code   RO          203    .text               c_p.l(_printf_intcommon.o)
    0x00000376   0x00000376   0x00000002   PAD
    0x00000378   0x00000378   0x00000030   Code   RO          205    .text               c_p.l(_printf_char_common.o)
    0x000003a8   0x000003a8   0x00000010   Code   RO          207    .text               c_p.l(_snputc.o)
    0x000003b8   0x000003b8   0x00000028   Code   RO          210    .text               c_p.l(rtudiv10.o)
    0x000003e0   0x000003e0   0x0000003e   Code   RO          231    .text               c_p.l(sys_stackheap_outer.o)
    0x0000041e   0x0000041e   0x00000010   Code   RO          234    .text               c_p.l(exit.o)
    0x0000042e   0x0000042e   0x00000002   PAD
    0x00000430   0x00000430   0x00000008   Code   RO          246    .text               c_p.l(libspace.o)
    0x00000438   0x00000438   0x0000000c   Code   RO          305    .text               c_p.l(sys_exit.o)
    0x00000444   0x00000444   0x00000002   Code   RO          328    .text               c_p.l(use_no_semi.o)
    0x00000446   0x00000446   0x00000000   Code   RO          330    .text               c_p.l(indicate_semi.o)
    0x00000446   0x00000446   0x00000002   PAD
    0x00000448   0x00000448   0x00000100   Code   RO           38    .text.APP_Debug_Init  app_debug.o
    0x00000548   0x00000548   0x00000074   Code   RO           40    .text.APP_Debug_PrintInputEvent  app_debug.o
    0x000005bc   0x000005bc   0x0000012c   Code   RO           42    .text.APP_Debug_PrintMaskName  app_debug.o
    0x000006e8   0x000006e8   0x00000014   Code   RO           20    .text.APP_Menu_Init  app_menu.o
    0x000006fc   0x000006fc   0x00000178   Code   RO           22    .text.APP_Menu_Process  app_menu.o
    0x00000874   0x00000874   0x00000038   Code   RO           58    .text.BSP_Input_FetchEvents  bsp_input.o
    0x000008ac   0x000008ac   0x0000008c   Code   RO           54    .text.BSP_Input_Init  bsp_input.o
    0x00000938   0x00000938   0x000001d4   Code   RO           56    .text.BSP_Input_Scan  bsp_input.o
    0x00000b0c   0x00000b0c   0x00000010   Code   RO           72    .text.BSP_LED_Init  bsp_led.o
    0x00000b1c   0x00000b1c   0x0000006c   Code   RO           76    .text.BSP_LED_SetColor  bsp_led.o
    0x00000b88   0x00000b88   0x0000000a   Code   RO          106    .text.DL_Common_delayCycles  driverlib.a(dl_common.o)
    0x00000b92   0x00000b92   0x00000002   PAD
    0x00000b94   0x00000b94   0x00000048   Code   RO          115    .text.DL_UART_init  driverlib.a(dl_uart.o)
    0x00000bdc   0x00000bdc   0x00000012   Code   RO          117    .text.DL_UART_setClockConfig  driverlib.a(dl_uart.o)
    0x00000bee   0x00000bee   0x00000002   PAD
    0x00000bf0   0x00000bf0   0x00000018   Code   RO          129    .text.DL_UART_transmitDataBlocking  driverlib.a(dl_uart.o)
    0x00000c08   0x00000c08   0x00000070   Code   RO           90    .text.SYSCFG_DL_GPIO_init  ti_msp_dl_config.o
    0x00000c78   0x00000c78   0x00000030   Code   RO           92    .text.SYSCFG_DL_SYSCTL_init  ti_msp_dl_config.o
    0x00000ca8   0x00000ca8   0x0000007c   Code   RO           94    .text.SYSCFG_DL_UART_DEBUG_init  ti_msp_dl_config.o
    0x00000d24   0x00000d24   0x00000014   Code   RO           86    .text.SYSCFG_DL_init  ti_msp_dl_config.o
    0x00000d38   0x00000d38   0x00000034   Code   RO           88    .text.SYSCFG_DL_initPower  ti_msp_dl_config.o
    0x00000d6c   0x00000d6c   0x00000044   Code   RO           11    .text.main          main.o
    0x00000db0   0x00000db0   0x00000002   Data   RO           96    .rodata.gUART_DEBUGClockConfig  ti_msp_dl_config.o
    0x00000db2   0x00000db2   0x0000000a   Data   RO           97    .rodata.gUART_DEBUGConfig  ti_msp_dl_config.o
    0x00000dbc   0x00000dbc   0x00000004   PAD
    0x00000dc0   0x00000dc0   0x00000010   Data   RO          383    Region$$Table       anon$$obj.o


    Execution Region RW_IRAM1 (Exec base: 0x20200000, Load base: 0x00000dd0, Size: 0x00000190, Max: 0x00010000, ABSOLUTE)

    Exec Addr    Load Addr    Size         Type   Attr      Idx    E Section Name        Object

    0x20200000        -       0x00000060   Zero   RW          247    .bss                c_p.l(libspace.o)
    0x20200060        -       0x00000001   Zero   RW           63    .bss.g_encAcc       bsp_input.o
    0x20200061        -       0x00000001   Zero   RW           62    .bss.g_encPrevAB    bsp_input.o
    0x20200062        -       0x00000003   Zero   RW           60    .bss.g_inputEvent   bsp_input.o
    0x20200065   0x00000dd0   0x00000001   PAD
    0x20200066        -       0x00000028   Zero   RW           61    .bss.g_keyState     bsp_input.o
    0x2020008e        -       0x00000001   Zero   RW           28    .bss.g_menuItem     app_menu.o
    0x2020008f        -       0x00000001   Zero   RW           29    .bss.g_menuState    app_menu.o
    0x20200090        -       0x00000000   Zero   RW            2    HEAP                startup_mspm0g351x_uvision.o
    0x20200090        -       0x00000100   Zero   RW            1    STACK               startup_mspm0g351x_uvision.o


    Execution Region RW_IRAM2 (Exec base: 0x20210000, Load base: 0x00000dd0, Size: 0x00000000, Max: 0x00010000, ABSOLUTE)

    **** No section assigned to this execution region ****



  Load Region LR_BCR (Base: 0x41c00000, Size: 0x00000000, Max: 0x00000100, ABSOLUTE)

    Execution Region BCR_CONFIG (Exec base: 0x41c00000, Load base: 0x41c00000, Size: 0x00000000, Max: 0x000000ff, ABSOLUTE)

    **** No section assigned to this execution region ****



  Load Region LR_BSL (Base: 0x41c00100, Size: 0x00000000, Max: 0x00000100, ABSOLUTE)

    Execution Region BSL_CONFIG (Exec base: 0x41c00100, Load base: 0x41c00100, Size: 0x00000000, Max: 0x00000080, ABSOLUTE)

    **** No section assigned to this execution region ****



  Load Region LR_DATA (Base: 0x41d00000, Size: 0x00000000, Max: 0x00004000, ABSOLUTE)

    Execution Region DATA (Exec base: 0x41d00000, Load base: 0x41d00000, Size: 0x00000000, Max: 0x00004000, ABSOLUTE)

    **** No section assigned to this execution region ****


==============================================================================

Image component sizes


      Code (inc. data)   RO Data    RW Data    ZI Data      Debug   Object Name

       672         32          0          0          0       5101   app_debug.o
       396         16          0          0          2       3017   app_menu.o
       664         64          0          0         45       7765   bsp_input.o
       124         12          0          0          0       4119   bsp_led.o
        68          4          0          0          0        779   main.o
        44         18        192          0        256        668   startup_mspm0g351x_uvision.o
       356         68         12          0          0      15054   ti_msp_dl_config.o

    ----------------------------------------------------------------------
      2324        214        224          0        304      36503   Object Totals
         0          0         16          0          0          0   (incl. Generated)
         0          0          4          0          1          0   (incl. Padding)

    ----------------------------------------------------------------------

      Code (inc. data)   RO Data    RW Data    ZI Data      Debug   Library Member Name

         8          0          0          0          0         68   __main.o
       108          0          0          0          0         76   __printf.o
         0          0          0          0          0          0   __rtentry.o
        12          0          0          0          0          0   __rtentry2.o
         6          0          0          0          0          0   __rtentry4.o
        86         10          0          0          0          0   __scatter.o
        28          0          0          0          0          0   __scatter_zi.o
        48          6          0          0          0         88   _printf_char_common.o
        10          0          0          0          0          0   _printf_d.o
       108         18          0          0          0         76   _printf_dec.o
       176          0          0          0          0         84   _printf_intcommon.o
         2          0          0          0          0          0   _printf_percent.o
         4          0          0          0          0          0   _printf_percent_end.o
        16          0          0          0          0         60   _snputc.o
        16          0          0          0          0         68   exit.o
         6          0          0          0          0        136   heapauxi.o
         0          0          0          0          0          0   indicate_semi.o
         2          0          0          0          0          0   libinit.o
         2          0          0          0          0          0   libinit2.o
         2          0          0          0          0          0   libshutdown.o
         2          0          0          0          0          0   libshutdown2.o
         8          4          0          0         96         68   libspace.o
        64          4          0          0          0         84   noretval__2snprintf.o
         2          0          0          0          0          0   rtexit.o
        10          0          0          0          0          0   rtexit2.o
        40          0          0          0          0         60   rtudiv10.o
        12          4          0          0          0         60   sys_exit.o
        62          0          0          0          0         80   sys_stackheap_outer.o
         2          0          0          0          0         68   use_no_semi.o
        10          0          0          0          0        804   dl_common.o
       114         12          0          0          0      14236   dl_uart.o

    ----------------------------------------------------------------------
       988         62          0          0         96      16116   Library Totals
        22          4          0          0          0          0   (incl. Padding)

    ----------------------------------------------------------------------

      Code (inc. data)   RO Data    RW Data    ZI Data      Debug   Library Name

       842         46          0          0         96       1076   c_p.l
       124         12          0          0          0      15040   driverlib.a

    ----------------------------------------------------------------------
       988         62          0          0         96      16116   Library Totals

    ----------------------------------------------------------------------

==============================================================================


      Code (inc. data)   RO Data    RW Data    ZI Data      Debug   

      3312        276        224          0        400      52079   Grand Totals
      3312        276        224          0        400      52079   ELF Image Totals
      3312        276        224          0          0          0   ROM Totals

==============================================================================

    Total RO  Size (Code + RO Data)                 3536 (   3.45kB)
    Total RW  Size (RW Data + ZI Data)               400 (   0.39kB)
    Total ROM Size (Code + RO Data + RW Data)       3536 (   3.45kB)

==============================================================================

