Component: Arm Compiler for Embedded 6.22 Tool: armlink [5ee90200]

==============================================================================

Section Cross References

    startup_mspm0g351x_uvision.o(STACK) refers (Special) to heapauxi.o(.text) for __use_two_region_memory
    startup_mspm0g351x_uvision.o(HEAP) refers (Special) to heapauxi.o(.text) for __use_two_region_memory
    startup_mspm0g351x_uvision.o(RESET) refers (Special) to heapauxi.o(.text) for __use_two_region_memory
    startup_mspm0g351x_uvision.o(RESET) refers to startup_mspm0g351x_uvision.o(STACK) for __initial_sp
    startup_mspm0g351x_uvision.o(RESET) refers to startup_mspm0g351x_uvision.o(.text) for Reset_Handler
    startup_mspm0g351x_uvision.o(.text) refers (Special) to heapauxi.o(.text) for __use_two_region_memory
    startup_mspm0g351x_uvision.o(.text) refers to __main.o(!!!main) for __main
    startup_mspm0g351x_uvision.o(.text) refers to startup_mspm0g351x_uvision.o(HEAP) for Heap_Mem
    startup_mspm0g351x_uvision.o(.text) refers to startup_mspm0g351x_uvision.o(STACK) for Stack_Mem
    main.o(.text.main) refers to ti_msp_dl_config.o(.text.SYSCFG_DL_init) for SYSCFG_DL_init
    main.o(.text.main) refers to bsp_led.o(.text.BSP_LED_Init) for BSP_LED_Init
    main.o(.text.main) refers to bsp_input.o(.text.BSP_Input_Init) for BSP_Input_Init
    main.o(.text.main) refers to app_menu.o(.text.APP_Menu_Init) for APP_Menu_Init
    main.o(.text.main) refers to dl_common.o(.text.DL_Common_delayCycles) for DL_Common_delayCycles
    main.o(.text.main) refers to bsp_input.o(.text.BSP_Input_Scan) for BSP_Input_Scan
    main.o(.text.main) refers to bsp_input.o(.text.BSP_Input_FetchEvents) for BSP_Input_FetchEvents
    main.o(.text.main) refers to app_menu.o(.text.APP_Menu_Process) for APP_Menu_Process
    main.o(.ARM.exidx.text.main) refers to main.o(.text.main) for [Anonymous Symbol]
    app_menu.o(.text.APP_Menu_Init) refers to bsp_led.o(.text.BSP_LED_SetColor) for BSP_LED_SetColor
    app_menu.o(.text.APP_Menu_Init) refers to app_menu.o(.bss.g_menuState) for [Anonymous Symbol]
    app_menu.o(.text.APP_Menu_Init) refers to app_menu.o(.bss.g_menuItem) for [Anonymous Symbol]
    app_menu.o(.ARM.exidx.text.APP_Menu_Init) refers to app_menu.o(.text.APP_Menu_Init) for [Anonymous Symbol]
    app_menu.o(.text.APP_Menu_Process) refers to bsp_led.o(.text.BSP_LED_SetColor) for BSP_LED_SetColor
    app_menu.o(.text.APP_Menu_Process) refers to app_menu.o(.bss.g_menuState) for [Anonymous Symbol]
    app_menu.o(.text.APP_Menu_Process) refers to app_menu.o(.bss.g_menuItem) for [Anonymous Symbol]
    app_menu.o(.ARM.exidx.text.APP_Menu_Process) refers to app_menu.o(.text.APP_Menu_Process) for [Anonymous Symbol]
    app_menu.o(.text.APP_Menu_GetCurrentItem) refers to app_menu.o(.bss.g_menuItem) for [Anonymous Symbol]
    app_menu.o(.ARM.exidx.text.APP_Menu_GetCurrentItem) refers to app_menu.o(.text.APP_Menu_GetCurrentItem) for [Anonymous Symbol]
    app_menu.o(.text.APP_Menu_GetState) refers to app_menu.o(.bss.g_menuState) for [Anonymous Symbol]
    app_menu.o(.ARM.exidx.text.APP_Menu_GetState) refers to app_menu.o(.text.APP_Menu_GetState) for [Anonymous Symbol]
    bsp_input.o(.text.BSP_Input_ClearAllEvents) refers to bsp_input.o(.bss.g_inputEvent) for [Anonymous Symbol]
    bsp_input.o(.ARM.exidx.text.BSP_Input_ClearAllEvents) refers to bsp_input.o(.text.BSP_Input_ClearAllEvents) for [Anonymous Symbol]
    bsp_input.o(.text.BSP_Input_Init) refers to bsp_input.o(.bss.g_keyState) for [Anonymous Symbol]
    bsp_input.o(.text.BSP_Input_Init) refers to bsp_input.o(.bss.g_inputEvent) for [Anonymous Symbol]
    bsp_input.o(.text.BSP_Input_Init) refers to bsp_input.o(.bss.g_encPrevAB) for [Anonymous Symbol]
    bsp_input.o(.text.BSP_Input_Init) refers to bsp_input.o(.bss.g_encAcc) for [Anonymous Symbol]
    bsp_input.o(.ARM.exidx.text.BSP_Input_Init) refers to bsp_input.o(.text.BSP_Input_Init) for [Anonymous Symbol]
    bsp_input.o(.text.BSP_Input_Scan) refers to bsp_input.o(.bss.g_inputEvent) for [Anonymous Symbol]
    bsp_input.o(.text.BSP_Input_Scan) refers to bsp_input.o(.bss.g_keyState) for [Anonymous Symbol]
    bsp_input.o(.text.BSP_Input_Scan) refers to bsp_input.o(.bss.g_encPrevAB) for [Anonymous Symbol]
    bsp_input.o(.text.BSP_Input_Scan) refers to bsp_input.o(.bss.g_encAcc) for [Anonymous Symbol]
    bsp_input.o(.ARM.exidx.text.BSP_Input_Scan) refers to bsp_input.o(.text.BSP_Input_Scan) for [Anonymous Symbol]
    bsp_input.o(.text.BSP_Input_FetchEvents) refers to bsp_input.o(.bss.g_inputEvent) for [Anonymous Symbol]
    bsp_input.o(.ARM.exidx.text.BSP_Input_FetchEvents) refers to bsp_input.o(.text.BSP_Input_FetchEvents) for [Anonymous Symbol]
    bsp_led.o(.ARM.exidx.text.BSP_LED_Init) refers to bsp_led.o(.text.BSP_LED_Init) for [Anonymous Symbol]
    bsp_led.o(.ARM.exidx.text.BSP_LED_Off) refers to bsp_led.o(.text.BSP_LED_Off) for [Anonymous Symbol]
    bsp_led.o(.ARM.exidx.text.BSP_LED_SetColor) refers to bsp_led.o(.text.BSP_LED_SetColor) for [Anonymous Symbol]
    ti_msp_dl_config.o(.text.SYSCFG_DL_init) refers to ti_msp_dl_config.o(.text.SYSCFG_DL_initPower) for SYSCFG_DL_initPower
    ti_msp_dl_config.o(.text.SYSCFG_DL_init) refers to ti_msp_dl_config.o(.text.SYSCFG_DL_GPIO_init) for SYSCFG_DL_GPIO_init
    ti_msp_dl_config.o(.text.SYSCFG_DL_init) refers to ti_msp_dl_config.o(.text.SYSCFG_DL_SYSCTL_init) for SYSCFG_DL_SYSCTL_init
    ti_msp_dl_config.o(.text.SYSCFG_DL_init) refers to ti_msp_dl_config.o(.text.SYSCFG_DL_UART_DEBUG_init) for SYSCFG_DL_UART_DEBUG_init
    ti_msp_dl_config.o(.ARM.exidx.text.SYSCFG_DL_init) refers to ti_msp_dl_config.o(.text.SYSCFG_DL_init) for [Anonymous Symbol]
    ti_msp_dl_config.o(.text.SYSCFG_DL_initPower) refers to dl_common.o(.text.DL_Common_delayCycles) for DL_Common_delayCycles
    ti_msp_dl_config.o(.ARM.exidx.text.SYSCFG_DL_initPower) refers to ti_msp_dl_config.o(.text.SYSCFG_DL_initPower) for [Anonymous Symbol]
    ti_msp_dl_config.o(.ARM.exidx.text.SYSCFG_DL_GPIO_init) refers to ti_msp_dl_config.o(.text.SYSCFG_DL_GPIO_init) for [Anonymous Symbol]
    ti_msp_dl_config.o(.ARM.exidx.text.SYSCFG_DL_SYSCTL_init) refers to ti_msp_dl_config.o(.text.SYSCFG_DL_SYSCTL_init) for [Anonymous Symbol]
    ti_msp_dl_config.o(.text.SYSCFG_DL_UART_DEBUG_init) refers to dl_uart.o(.text.DL_UART_setClockConfig) for DL_UART_setClockConfig
    ti_msp_dl_config.o(.text.SYSCFG_DL_UART_DEBUG_init) refers to dl_uart.o(.text.DL_UART_init) for DL_UART_init
    ti_msp_dl_config.o(.text.SYSCFG_DL_UART_DEBUG_init) refers to ti_msp_dl_config.o(.rodata.gUART_DEBUGClockConfig) for [Anonymous Symbol]
    ti_msp_dl_config.o(.text.SYSCFG_DL_UART_DEBUG_init) refers to ti_msp_dl_config.o(.rodata.gUART_DEBUGConfig) for [Anonymous Symbol]
    ti_msp_dl_config.o(.ARM.exidx.text.SYSCFG_DL_UART_DEBUG_init) refers to ti_msp_dl_config.o(.text.SYSCFG_DL_UART_DEBUG_init) for [Anonymous Symbol]
    dl_common.o(.ARM.exidx.text.DL_Common_delayCycles) refers to dl_common.o(.text.DL_Common_delayCycles) for [Anonymous Symbol]
    dl_uart.o(.ARM.exidx.text.DL_UART_init) refers to dl_uart.o(.text.DL_UART_init) for [Anonymous Symbol]
    dl_uart.o(.ARM.exidx.text.DL_UART_setClockConfig) refers to dl_uart.o(.text.DL_UART_setClockConfig) for [Anonymous Symbol]
    dl_uart.o(.ARM.exidx.text.DL_UART_getClockConfig) refers to dl_uart.o(.text.DL_UART_getClockConfig) for [Anonymous Symbol]
    dl_uart.o(.text.DL_UART_configBaudRate) refers to aeabi_sdivfast.o(.text_divfast) for __aeabi_uidiv
    dl_uart.o(.ARM.exidx.text.DL_UART_configBaudRate) refers to dl_uart.o(.text.DL_UART_configBaudRate) for [Anonymous Symbol]
    dl_uart.o(.ARM.exidx.text.DL_UART_configIrDAMode) refers to dl_uart.o(.text.DL_UART_configIrDAMode) for [Anonymous Symbol]
    dl_uart.o(.ARM.exidx.text.DL_UART_setIrDAPulseLength) refers to dl_uart.o(.text.DL_UART_setIrDAPulseLength) for [Anonymous Symbol]
    dl_uart.o(.ARM.exidx.text.DL_UART_receiveDataBlocking) refers to dl_uart.o(.text.DL_UART_receiveDataBlocking) for [Anonymous Symbol]
    dl_uart.o(.ARM.exidx.text.DL_UART_transmitDataBlocking) refers to dl_uart.o(.text.DL_UART_transmitDataBlocking) for [Anonymous Symbol]
    dl_uart.o(.ARM.exidx.text.DL_UART_receiveDataCheck) refers to dl_uart.o(.text.DL_UART_receiveDataCheck) for [Anonymous Symbol]
    dl_uart.o(.ARM.exidx.text.DL_UART_transmitDataCheck) refers to dl_uart.o(.text.DL_UART_transmitDataCheck) for [Anonymous Symbol]
    dl_uart.o(.ARM.exidx.text.DL_UART_drainRXFIFO) refers to dl_uart.o(.text.DL_UART_drainRXFIFO) for [Anonymous Symbol]
    dl_uart.o(.ARM.exidx.text.DL_UART_fillTXFIFO) refers to dl_uart.o(.text.DL_UART_fillTXFIFO) for [Anonymous Symbol]
    dl_uart.o(.ARM.exidx.text.DL_UART_Main_saveConfiguration) refers to dl_uart.o(.text.DL_UART_Main_saveConfiguration) for [Anonymous Symbol]
    dl_uart.o(.ARM.exidx.text.DL_UART_Main_restoreConfiguration) refers to dl_uart.o(.text.DL_UART_Main_restoreConfiguration) for [Anonymous Symbol]
    dl_uart.o(.ARM.exidx.text.DL_UART_Extend_saveConfiguration) refers to dl_uart.o(.text.DL_UART_Extend_saveConfiguration) for [Anonymous Symbol]
    dl_uart.o(.ARM.exidx.text.DL_UART_Extend_restoreConfiguration) refers to dl_uart.o(.text.DL_UART_Extend_restoreConfiguration) for [Anonymous Symbol]
    __main.o(!!!main) refers to __rtentry.o(.ARM.Collect$$rtentry$$00000000) for __rt_entry
    __rtentry.o(.ARM.Collect$$rtentry$$00000000) refers (Special) to __rtentry2.o(.ARM.Collect$$rtentry$$0000000A) for __rt_entry_li
    __rtentry.o(.ARM.Collect$$rtentry$$00000000) refers (Special) to __rtentry2.o(.ARM.Collect$$rtentry$$0000000D) for __rt_entry_main
    __rtentry.o(.ARM.Collect$$rtentry$$00000000) refers (Special) to __rtentry2.o(.ARM.Collect$$rtentry$$0000000C) for __rt_entry_postli_1
    __rtentry.o(.ARM.Collect$$rtentry$$00000000) refers (Special) to __rtentry2.o(.ARM.Collect$$rtentry$$00000009) for __rt_entry_postsh_1
    __rtentry.o(.ARM.Collect$$rtentry$$00000000) refers (Special) to __rtentry2.o(.ARM.Collect$$rtentry$$00000002) for __rt_entry_presh_1
    __rtentry.o(.ARM.Collect$$rtentry$$00000000) refers (Special) to __rtentry4.o(.ARM.Collect$$rtentry$$00000004) for __rt_entry_sh
    aeabi_idiv0_sigfpe.o(.text) refers to rt_div0.o(.text) for __rt_div0
    __rtentry2.o(.ARM.Collect$$rtentry$$00000008) refers to boardinit2.o(.text) for _platform_post_stackheap_init
    __rtentry2.o(.ARM.Collect$$rtentry$$0000000A) refers to libinit.o(.ARM.Collect$$libinit$$00000000) for __rt_lib_init
    __rtentry2.o(.ARM.Collect$$rtentry$$0000000B) refers to boardinit3.o(.text) for _platform_post_lib_init
    __rtentry2.o(.ARM.Collect$$rtentry$$0000000D) refers to main.o(.text.main) for main
    __rtentry2.o(.ARM.Collect$$rtentry$$0000000D) refers to exit.o(.text) for exit
    __rtentry2.o(.ARM.exidx) refers to __rtentry2.o(.ARM.Collect$$rtentry$$00000001) for .ARM.Collect$$rtentry$$00000001
    __rtentry2.o(.ARM.exidx) refers to __rtentry2.o(.ARM.Collect$$rtentry$$00000008) for .ARM.Collect$$rtentry$$00000008
    __rtentry2.o(.ARM.exidx) refers to __rtentry2.o(.ARM.Collect$$rtentry$$0000000A) for .ARM.Collect$$rtentry$$0000000A
    __rtentry2.o(.ARM.exidx) refers to __rtentry2.o(.ARM.Collect$$rtentry$$0000000B) for .ARM.Collect$$rtentry$$0000000B
    __rtentry2.o(.ARM.exidx) refers to __rtentry2.o(.ARM.Collect$$rtentry$$0000000D) for .ARM.Collect$$rtentry$$0000000D
    __rtentry4.o(.ARM.Collect$$rtentry$$00000004) refers to sys_stackheap_outer.o(.text) for __user_setup_stackheap
    __rtentry4.o(.ARM.exidx) refers to __rtentry4.o(.ARM.Collect$$rtentry$$00000004) for .ARM.Collect$$rtentry$$00000004
    rt_div0.o(.text) refers to defsig_fpe_outer.o(.text) for __rt_SIGFPE
    sys_stackheap_outer.o(.text) refers to libspace.o(.text) for __user_perproc_libspace
    sys_stackheap_outer.o(.text) refers to startup_mspm0g351x_uvision.o(.text) for __user_initial_stackheap
    sys_stackheap_outer.o(__vectab_stack_and_reset_area) refers to tempstk.o(.text) for __temporary_stack_top
    sys_stackheap_outer.o(__vectab_stack_and_reset_area) refers to __main.o(!!!main) for __main
    exit.o(.text) refers to rtexit.o(.ARM.Collect$$rtexit$$00000000) for __rt_exit
    defsig_fpe_outer.o(.text) refers to defsig_fpe_inner.o(.text) for __rt_SIGFPE_inner
    defsig_fpe_outer.o(.text) refers to defsig_exit.o(.text) for __sig_exit
    defsig_fpe_formal.o(.text) refers to rt_raise.o(.text) for __rt_raise
    libinit.o(.ARM.Collect$$libinit$$00000000) refers (Special) to libinit2.o(.ARM.Collect$$libinit$$00000030) for __rt_lib_init_alloca_1
    libinit.o(.ARM.Collect$$libinit$$00000000) refers (Special) to libinit2.o(.ARM.Collect$$libinit$$0000002E) for __rt_lib_init_argv_1
    libinit.o(.ARM.Collect$$libinit$$00000000) refers (Special) to libinit2.o(.ARM.Collect$$libinit$$0000001D) for __rt_lib_init_atexit_1
    libinit.o(.ARM.Collect$$libinit$$00000000) refers (Special) to libinit2.o(.ARM.Collect$$libinit$$00000023) for __rt_lib_init_clock_1
    libinit.o(.ARM.Collect$$libinit$$00000000) refers (Special) to libinit2.o(.ARM.Collect$$libinit$$00000034) for __rt_lib_init_cpp_1
    libinit.o(.ARM.Collect$$libinit$$00000000) refers (Special) to libinit2.o(.ARM.Collect$$libinit$$00000032) for __rt_lib_init_exceptions_1
    libinit.o(.ARM.Collect$$libinit$$00000000) refers (Special) to libinit2.o(.ARM.Collect$$libinit$$00000002) for __rt_lib_init_fp_1
    libinit.o(.ARM.Collect$$libinit$$00000000) refers (Special) to libinit2.o(.ARM.Collect$$libinit$$00000021) for __rt_lib_init_fp_trap_1
    libinit.o(.ARM.Collect$$libinit$$00000000) refers (Special) to libinit2.o(.ARM.Collect$$libinit$$00000025) for __rt_lib_init_getenv_1
    libinit.o(.ARM.Collect$$libinit$$00000000) refers (Special) to libinit2.o(.ARM.Collect$$libinit$$0000000C) for __rt_lib_init_heap_1
    libinit.o(.ARM.Collect$$libinit$$00000000) refers (Special) to libinit2.o(.ARM.Collect$$libinit$$00000013) for __rt_lib_init_lc_collate_1
    libinit.o(.ARM.Collect$$libinit$$00000000) refers (Special) to libinit2.o(.ARM.Collect$$libinit$$00000015) for __rt_lib_init_lc_ctype_1
    libinit.o(.ARM.Collect$$libinit$$00000000) refers (Special) to libinit2.o(.ARM.Collect$$libinit$$00000017) for __rt_lib_init_lc_monetary_1
    libinit.o(.ARM.Collect$$libinit$$00000000) refers (Special) to libinit2.o(.ARM.Collect$$libinit$$00000019) for __rt_lib_init_lc_numeric_1
    libinit.o(.ARM.Collect$$libinit$$00000000) refers (Special) to libinit2.o(.ARM.Collect$$libinit$$0000001B) for __rt_lib_init_lc_time_1
    libinit.o(.ARM.Collect$$libinit$$00000000) refers (Special) to libinit2.o(.ARM.Collect$$libinit$$00000006) for __rt_lib_init_preinit_1
    libinit.o(.ARM.Collect$$libinit$$00000000) refers (Special) to libinit2.o(.ARM.Collect$$libinit$$00000010) for __rt_lib_init_rand_1
    libinit.o(.ARM.Collect$$libinit$$00000000) refers (Special) to libinit2.o(.ARM.Collect$$libinit$$00000004) for __rt_lib_init_relocate_pie_1
    libinit.o(.ARM.Collect$$libinit$$00000000) refers (Special) to libinit2.o(.ARM.Collect$$libinit$$00000035) for __rt_lib_init_return
    libinit.o(.ARM.Collect$$libinit$$00000000) refers (Special) to libinit2.o(.ARM.Collect$$libinit$$0000001F) for __rt_lib_init_signal_1
    libinit.o(.ARM.Collect$$libinit$$00000000) refers (Special) to libinit2.o(.ARM.Collect$$libinit$$00000027) for __rt_lib_init_stdio_1
    libinit.o(.ARM.Collect$$libinit$$00000000) refers (Special) to libinit2.o(.ARM.Collect$$libinit$$0000000E) for __rt_lib_init_user_alloc_1
    libspace.o(.text) refers to libspace.o(.bss) for __libspace_start
    rtexit.o(.ARM.Collect$$rtexit$$00000000) refers (Special) to rtexit2.o(.ARM.Collect$$rtexit$$00000004) for __rt_exit_exit
    rtexit.o(.ARM.Collect$$rtexit$$00000000) refers (Special) to rtexit2.o(.ARM.Collect$$rtexit$$00000003) for __rt_exit_ls
    rtexit.o(.ARM.Collect$$rtexit$$00000000) refers (Special) to rtexit2.o(.ARM.Collect$$rtexit$$00000002) for __rt_exit_prels_1
    rtexit.o(.ARM.exidx) refers (Special) to rtexit2.o(.ARM.Collect$$rtexit$$00000004) for __rt_exit_exit
    rtexit.o(.ARM.exidx) refers (Special) to rtexit2.o(.ARM.Collect$$rtexit$$00000003) for __rt_exit_ls
    rtexit.o(.ARM.exidx) refers (Special) to rtexit2.o(.ARM.Collect$$rtexit$$00000002) for __rt_exit_prels_1
    rtexit.o(.ARM.exidx) refers to rtexit.o(.ARM.Collect$$rtexit$$00000000) for .ARM.Collect$$rtexit$$00000000
    rt_raise.o(.text) refers to __raise.o(.text) for __raise
    rt_raise.o(.text) refers to sys_exit.o(.text) for _sys_exit
    defsig_exit.o(.text) refers to sys_exit.o(.text) for _sys_exit
    defsig_fpe_inner.o(.text) refers to defsig_general.o(.text) for __default_signal_display
    libinit2.o(.ARM.Collect$$libinit$$00000012) refers to libinit2.o(.ARM.Collect$$libinit$$00000011) for .ARM.Collect$$libinit$$00000011
    libinit2.o(.ARM.Collect$$libinit$$00000014) refers to libinit2.o(.ARM.Collect$$libinit$$00000011) for .ARM.Collect$$libinit$$00000011
    libinit2.o(.ARM.Collect$$libinit$$00000016) refers to libinit2.o(.ARM.Collect$$libinit$$00000011) for .ARM.Collect$$libinit$$00000011
    libinit2.o(.ARM.Collect$$libinit$$00000018) refers to libinit2.o(.ARM.Collect$$libinit$$00000011) for .ARM.Collect$$libinit$$00000011
    libinit2.o(.ARM.Collect$$libinit$$0000001A) refers to libinit2.o(.ARM.Collect$$libinit$$00000011) for .ARM.Collect$$libinit$$00000011
    libinit2.o(.ARM.Collect$$libinit$$00000028) refers to argv_veneer.o(.text) for __ARM_argv_veneer
    libinit2.o(.ARM.Collect$$libinit$$00000029) refers to argv_veneer.o(.text) for __ARM_argv_veneer
    sys_exit.o(.text) refers (Special) to use_no_semi.o(.text) for __I$use$semihosting
    sys_exit.o(.text) refers (Special) to indicate_semi.o(.text) for __semihosting_library_function
    sys_exit_hlt.o(.text) refers (Special) to use_no_semi.o(.text) for __I$use$semihosting
    sys_exit_hlt.o(.text) refers (Special) to indicate_semi.o(.text) for __semihosting_library_function
    rtexit2.o(.ARM.Collect$$rtexit$$00000003) refers to libshutdown.o(.ARM.Collect$$libshutdown$$00000000) for __rt_lib_shutdown
    rtexit2.o(.ARM.Collect$$rtexit$$00000004) refers to sys_exit.o(.text) for _sys_exit
    rtexit2.o(.ARM.exidx) refers to rtexit2.o(.ARM.Collect$$rtexit$$00000001) for .ARM.Collect$$rtexit$$00000001
    rtexit2.o(.ARM.exidx) refers to rtexit2.o(.ARM.Collect$$rtexit$$00000003) for .ARM.Collect$$rtexit$$00000003
    rtexit2.o(.ARM.exidx) refers to rtexit2.o(.ARM.Collect$$rtexit$$00000004) for .ARM.Collect$$rtexit$$00000004
    __raise.o(.text) refers to defsig.o(CL$$defsig) for __default_signal_handler
    defsig_general.o(.text) refers to sys_wrch.o(.text) for _ttywrch
    sys_wrch.o(.text) refers (Special) to use_no_semi.o(.text) for __I$use$semihosting
    sys_wrch.o(.text) refers (Special) to indicate_semi.o(.text) for __semihosting_library_function
    sys_wrch_hlt.o(.text) refers (Special) to use_no_semi.o(.text) for __I$use$semihosting
    sys_wrch_hlt.o(.text) refers (Special) to indicate_semi.o(.text) for __semihosting_library_function
    defsig.o(CL$$defsig) refers to defsig_fpe_inner.o(.text) for __rt_SIGFPE_inner
    defsig.o(CL$$defsig) refers to defsig_rtmem_inner.o(.text) for __rt_SIGRTMEM_inner
    _get_argv_nomalloc.o(.text) refers (Special) to hrguard.o(.text) for __heap_region$guard
    _get_argv_nomalloc.o(.text) refers to defsig_rtmem_outer.o(.text) for __rt_SIGRTMEM
    _get_argv_nomalloc.o(.text) refers to sys_command.o(.text) for _sys_command_string
    libshutdown.o(.ARM.Collect$$libshutdown$$00000000) refers (Special) to libshutdown2.o(.ARM.Collect$$libshutdown$$00000002) for __rt_lib_shutdown_cpp_1
    libshutdown.o(.ARM.Collect$$libshutdown$$00000000) refers (Special) to libshutdown2.o(.ARM.Collect$$libshutdown$$00000007) for __rt_lib_shutdown_fp_trap_1
    libshutdown.o(.ARM.Collect$$libshutdown$$00000000) refers (Special) to libshutdown2.o(.ARM.Collect$$libshutdown$$0000000F) for __rt_lib_shutdown_heap_1
    libshutdown.o(.ARM.Collect$$libshutdown$$00000000) refers (Special) to libshutdown2.o(.ARM.Collect$$libshutdown$$00000010) for __rt_lib_shutdown_return
    libshutdown.o(.ARM.Collect$$libshutdown$$00000000) refers (Special) to libshutdown2.o(.ARM.Collect$$libshutdown$$0000000A) for __rt_lib_shutdown_signal_1
    libshutdown.o(.ARM.Collect$$libshutdown$$00000000) refers (Special) to libshutdown2.o(.ARM.Collect$$libshutdown$$00000004) for __rt_lib_shutdown_stdio_1
    libshutdown.o(.ARM.Collect$$libshutdown$$00000000) refers (Special) to libshutdown2.o(.ARM.Collect$$libshutdown$$0000000C) for __rt_lib_shutdown_user_alloc_1
    sys_command.o(.text) refers (Special) to use_no_semi.o(.text) for __I$use$semihosting
    sys_command.o(.text) refers (Special) to indicate_semi.o(.text) for __semihosting_library_function
    sys_command_hlt.o(.text) refers (Special) to use_no_semi.o(.text) for __I$use$semihosting
    sys_command_hlt.o(.text) refers (Special) to indicate_semi.o(.text) for __semihosting_library_function
    defsig_abrt_inner.o(.text) refers to defsig_general.o(.text) for __default_signal_display
    defsig_rtred_inner.o(.text) refers to defsig_general.o(.text) for __default_signal_display
    defsig_rtmem_inner.o(.text) refers to defsig_general.o(.text) for __default_signal_display
    defsig_rtmem_outer.o(.text) refers to defsig_rtmem_inner.o(.text) for __rt_SIGRTMEM_inner
    defsig_rtmem_outer.o(.text) refers to defsig_exit.o(.text) for __sig_exit
    defsig_rtmem_formal.o(.text) refers to rt_raise.o(.text) for __rt_raise
    defsig_stak_inner.o(.text) refers to defsig_general.o(.text) for __default_signal_display
    defsig_pvfn_inner.o(.text) refers to defsig_general.o(.text) for __default_signal_display
    defsig_cppl_inner.o(.text) refers to defsig_general.o(.text) for __default_signal_display
    defsig_segv_inner.o(.text) refers to defsig_general.o(.text) for __default_signal_display
    defsig_other.o(.text) refers to defsig_general.o(.text) for __default_signal_display


==============================================================================

Removing Unused input sections from the image.

    Removing main.o(.text), (0 bytes).
    Removing main.o(.ARM.exidx.text.main), (8 bytes).
    Removing main.o(.ARM.use_no_argv), (4 bytes).
    Removing app_menu.o(.text), (0 bytes).
    Removing app_menu.o(.ARM.exidx.text.APP_Menu_Init), (8 bytes).
    Removing app_menu.o(.ARM.exidx.text.APP_Menu_Process), (8 bytes).
    Removing app_menu.o(.text.APP_Menu_GetCurrentItem), (12 bytes).
    Removing app_menu.o(.ARM.exidx.text.APP_Menu_GetCurrentItem), (8 bytes).
    Removing app_menu.o(.text.APP_Menu_GetState), (12 bytes).
    Removing app_menu.o(.ARM.exidx.text.APP_Menu_GetState), (8 bytes).
    Removing bsp_input.o(.text), (0 bytes).
    Removing bsp_input.o(.text.BSP_Input_ClearAllEvents), (16 bytes).
    Removing bsp_input.o(.ARM.exidx.text.BSP_Input_ClearAllEvents), (8 bytes).
    Removing bsp_input.o(.ARM.exidx.text.BSP_Input_Init), (8 bytes).
    Removing bsp_input.o(.ARM.exidx.text.BSP_Input_Scan), (8 bytes).
    Removing bsp_input.o(.ARM.exidx.text.BSP_Input_FetchEvents), (8 bytes).
    Removing bsp_led.o(.text), (0 bytes).
    Removing bsp_led.o(.ARM.exidx.text.BSP_LED_Init), (8 bytes).
    Removing bsp_led.o(.text.BSP_LED_Off), (20 bytes).
    Removing bsp_led.o(.ARM.exidx.text.BSP_LED_Off), (8 bytes).
    Removing bsp_led.o(.ARM.exidx.text.BSP_LED_SetColor), (8 bytes).
    Removing ti_msp_dl_config.o(.text), (0 bytes).
    Removing ti_msp_dl_config.o(.ARM.exidx.text.SYSCFG_DL_init), (8 bytes).
    Removing ti_msp_dl_config.o(.ARM.exidx.text.SYSCFG_DL_initPower), (8 bytes).
    Removing ti_msp_dl_config.o(.ARM.exidx.text.SYSCFG_DL_GPIO_init), (8 bytes).
    Removing ti_msp_dl_config.o(.ARM.exidx.text.SYSCFG_DL_SYSCTL_init), (8 bytes).
    Removing ti_msp_dl_config.o(.ARM.exidx.text.SYSCFG_DL_UART_DEBUG_init), (8 bytes).
    Removing dl_common.o(.text), (0 bytes).
    Removing dl_common.o(.ARM.exidx.text.DL_Common_delayCycles), (8 bytes).
    Removing dl_uart.o(.text), (0 bytes).
    Removing dl_uart.o(.ARM.exidx.text.DL_UART_init), (8 bytes).
    Removing dl_uart.o(.ARM.exidx.text.DL_UART_setClockConfig), (8 bytes).
    Removing dl_uart.o(.text.DL_UART_getClockConfig), (16 bytes).
    Removing dl_uart.o(.ARM.exidx.text.DL_UART_getClockConfig), (8 bytes).
    Removing dl_uart.o(.text.DL_UART_configBaudRate), (140 bytes).
    Removing dl_uart.o(.ARM.exidx.text.DL_UART_configBaudRate), (8 bytes).
    Removing dl_uart.o(.text.DL_UART_configIrDAMode), (60 bytes).
    Removing dl_uart.o(.ARM.exidx.text.DL_UART_configIrDAMode), (8 bytes).
    Removing dl_uart.o(.text.DL_UART_setIrDAPulseLength), (42 bytes).
    Removing dl_uart.o(.ARM.exidx.text.DL_UART_setIrDAPulseLength), (8 bytes).
    Removing dl_uart.o(.text.DL_UART_receiveDataBlocking), (20 bytes).
    Removing dl_uart.o(.ARM.exidx.text.DL_UART_receiveDataBlocking), (8 bytes).
    Removing dl_uart.o(.text.DL_UART_transmitDataBlocking), (24 bytes).
    Removing dl_uart.o(.ARM.exidx.text.DL_UART_transmitDataBlocking), (8 bytes).
    Removing dl_uart.o(.text.DL_UART_receiveDataCheck), (28 bytes).
    Removing dl_uart.o(.ARM.exidx.text.DL_UART_receiveDataCheck), (8 bytes).
    Removing dl_uart.o(.text.DL_UART_transmitDataCheck), (24 bytes).
    Removing dl_uart.o(.ARM.exidx.text.DL_UART_transmitDataCheck), (8 bytes).
    Removing dl_uart.o(.text.DL_UART_drainRXFIFO), (40 bytes).
    Removing dl_uart.o(.ARM.exidx.text.DL_UART_drainRXFIFO), (8 bytes).
    Removing dl_uart.o(.text.DL_UART_fillTXFIFO), (40 bytes).
    Removing dl_uart.o(.ARM.exidx.text.DL_UART_fillTXFIFO), (8 bytes).
    Removing dl_uart.o(.text.DL_UART_Main_saveConfiguration), (88 bytes).
    Removing dl_uart.o(.ARM.exidx.text.DL_UART_Main_saveConfiguration), (8 bytes).
    Removing dl_uart.o(.text.DL_UART_Main_restoreConfiguration), (120 bytes).
    Removing dl_uart.o(.ARM.exidx.text.DL_UART_Main_restoreConfiguration), (8 bytes).
    Removing dl_uart.o(.text.DL_UART_Extend_saveConfiguration), (104 bytes).
    Removing dl_uart.o(.ARM.exidx.text.DL_UART_Extend_saveConfiguration), (8 bytes).
    Removing dl_uart.o(.text.DL_UART_Extend_restoreConfiguration), (132 bytes).
    Removing dl_uart.o(.ARM.exidx.text.DL_UART_Extend_restoreConfiguration), (8 bytes).

60 unused section(s) (total 1214 bytes) removed from the image.

==============================================================================

Image Symbol Table

    Local Symbols

    Symbol Name                              Value     Ov Type        Size  Object(Section)

    ../clib/angel/boardlib.s                 0x00000000   Number         0  boardinit1.o ABSOLUTE
    ../clib/angel/boardlib.s                 0x00000000   Number         0  boardinit2.o ABSOLUTE
    ../clib/angel/boardlib.s                 0x00000000   Number         0  boardinit3.o ABSOLUTE
    ../clib/angel/boardlib.s                 0x00000000   Number         0  boardshut.o ABSOLUTE
    ../clib/angel/handlers.s                 0x00000000   Number         0  __scatter_zi.o ABSOLUTE
    ../clib/angel/kernel.s                   0x00000000   Number         0  __rtentry.o ABSOLUTE
    ../clib/angel/kernel.s                   0x00000000   Number         0  __rtentry2.o ABSOLUTE
    ../clib/angel/kernel.s                   0x00000000   Number         0  __rtentry4.o ABSOLUTE
    ../clib/angel/kernel.s                   0x00000000   Number         0  rtexit.o ABSOLUTE
    ../clib/angel/kernel.s                   0x00000000   Number         0  rtexit2.o ABSOLUTE
    ../clib/angel/rt.s                       0x00000000   Number         0  aeabi_idiv0.o ABSOLUTE
    ../clib/angel/rt.s                       0x00000000   Number         0  aeabi_idiv0_sigfpe.o ABSOLUTE
    ../clib/angel/rt.s                       0x00000000   Number         0  rt_div0.o ABSOLUTE
    ../clib/angel/rt.s                       0x00000000   Number         0  rt_raise.o ABSOLUTE
    ../clib/angel/scatterp.s                 0x00000000   Number         0  __scatter.o ABSOLUTE
    ../clib/angel/startup.s                  0x00000000   Number         0  __main.o ABSOLUTE
    ../clib/angel/sys.s                      0x00000000   Number         0  sys_stackheap_outer.o ABSOLUTE
    ../clib/angel/sys.s                      0x00000000   Number         0  libspace.o ABSOLUTE
    ../clib/angel/sys.s                      0x00000000   Number         0  tempstk.o ABSOLUTE
    ../clib/angel/sys.s                      0x00000000   Number         0  use_no_semi.o ABSOLUTE
    ../clib/angel/sys.s                      0x00000000   Number         0  indicate_semi.o ABSOLUTE
    ../clib/angel/sysapp.c                   0x00000000   Number         0  sys_exit.o ABSOLUTE
    ../clib/angel/sysapp.c                   0x00000000   Number         0  sys_exit_hlt.o ABSOLUTE
    ../clib/angel/sysapp.c                   0x00000000   Number         0  sys_wrch.o ABSOLUTE
    ../clib/angel/sysapp.c                   0x00000000   Number         0  sys_wrch_hlt.o ABSOLUTE
    ../clib/angel/sysapp.c                   0x00000000   Number         0  sys_command.o ABSOLUTE
    ../clib/angel/sysapp.c                   0x00000000   Number         0  sys_command_hlt.o ABSOLUTE
    ../clib/armsys.c                         0x00000000   Number         0  argv_veneer.o ABSOLUTE
    ../clib/armsys.c                         0x00000000   Number         0  _get_argv_nomalloc.o ABSOLUTE
    ../clib/armsys.c                         0x00000000   Number         0  no_argv.o ABSOLUTE
    ../clib/division.s                       0x00000000   Number         0  aeabi_sdivfast.o ABSOLUTE
    ../clib/division.s                       0x00000000   Number         0  aeabi_sdivfast_div0.o ABSOLUTE
    ../clib/heapalloc.c                      0x00000000   Number         0  hrguard.o ABSOLUTE
    ../clib/heapaux.c                        0x00000000   Number         0  heapauxi.o ABSOLUTE
    ../clib/libinit.s                        0x00000000   Number         0  libinit.o ABSOLUTE
    ../clib/libinit.s                        0x00000000   Number         0  libinit2.o ABSOLUTE
    ../clib/libinit.s                        0x00000000   Number         0  libshutdown.o ABSOLUTE
    ../clib/libinit.s                        0x00000000   Number         0  libshutdown2.o ABSOLUTE
    ../clib/signal.c                         0x00000000   Number         0  defsig_fpe_outer.o ABSOLUTE
    ../clib/signal.c                         0x00000000   Number         0  defsig_fpe_formal.o ABSOLUTE
    ../clib/signal.c                         0x00000000   Number         0  defsig_exit.o ABSOLUTE
    ../clib/signal.c                         0x00000000   Number         0  defsig_fpe_inner.o ABSOLUTE
    ../clib/signal.c                         0x00000000   Number         0  __raise.o ABSOLUTE
    ../clib/signal.c                         0x00000000   Number         0  defsig_general.o ABSOLUTE
    ../clib/signal.c                         0x00000000   Number         0  defsig_abrt_inner.o ABSOLUTE
    ../clib/signal.c                         0x00000000   Number         0  defsig_rtred_inner.o ABSOLUTE
    ../clib/signal.c                         0x00000000   Number         0  defsig_rtmem_inner.o ABSOLUTE
    ../clib/signal.c                         0x00000000   Number         0  defsig_rtmem_outer.o ABSOLUTE
    ../clib/signal.c                         0x00000000   Number         0  defsig_rtmem_formal.o ABSOLUTE
    ../clib/signal.c                         0x00000000   Number         0  defsig_stak_inner.o ABSOLUTE
    ../clib/signal.c                         0x00000000   Number         0  defsig_pvfn_inner.o ABSOLUTE
    ../clib/signal.c                         0x00000000   Number         0  defsig_cppl_inner.o ABSOLUTE
    ../clib/signal.c                         0x00000000   Number         0  defsig_segv_inner.o ABSOLUTE
    ../clib/signal.c                         0x00000000   Number         0  defsig_other.o ABSOLUTE
    ../clib/signal.s                         0x00000000   Number         0  defsig.o ABSOLUTE
    ../clib/stdlib.c                         0x00000000   Number         0  exit.o ABSOLUTE
    ../fplib/cfplib/fpinit.c                 0x00000000   Number         0  fpinit.o ABSOLUTE
    app_menu.c                               0x00000000   Number         0  app_menu.o ABSOLUTE
    bsp_input.c                              0x00000000   Number         0  bsp_input.o ABSOLUTE
    bsp_led.c                                0x00000000   Number         0  bsp_led.o ABSOLUTE
    dc.s                                     0x00000000   Number         0  dc.o ABSOLUTE
    dl_common.c                              0x00000000   Number         0  dl_common.o ABSOLUTE
    dl_uart.c                                0x00000000   Number         0  dl_uart.o ABSOLUTE
    main.c                                   0x00000000   Number         0  main.o ABSOLUTE
    startup_mspm0g351x_uvision.s             0x00000000   Number         0  startup_mspm0g351x_uvision.o ABSOLUTE
    ti_msp_dl_config.c                       0x00000000   Number         0  ti_msp_dl_config.o ABSOLUTE
    RESET                                    0x00000000   Section      192  startup_mspm0g351x_uvision.o(RESET)
    !!!main                                  0x000000c0   Section        8  __main.o(!!!main)
    !!!scatter                               0x000000c8   Section       84  __scatter.o(!!!scatter)
    !!handler_null                           0x00000120   Section        2  __scatter.o(!!handler_null)
    !!handler_zi                             0x00000128   Section       28  __scatter_zi.o(!!handler_zi)
    .ARM.Collect$$libinit$$00000000          0x00000144   Section        2  libinit.o(.ARM.Collect$$libinit$$00000000)
    .ARM.Collect$$libinit$$00000002          0x00000146   Section        0  libinit2.o(.ARM.Collect$$libinit$$00000002)
    .ARM.Collect$$libinit$$00000004          0x00000146   Section        0  libinit2.o(.ARM.Collect$$libinit$$00000004)
    .ARM.Collect$$libinit$$00000006          0x00000146   Section        0  libinit2.o(.ARM.Collect$$libinit$$00000006)
    .ARM.Collect$$libinit$$0000000C          0x00000146   Section        0  libinit2.o(.ARM.Collect$$libinit$$0000000C)
    .ARM.Collect$$libinit$$0000000E          0x00000146   Section        0  libinit2.o(.ARM.Collect$$libinit$$0000000E)
    .ARM.Collect$$libinit$$00000010          0x00000146   Section        0  libinit2.o(.ARM.Collect$$libinit$$00000010)
    .ARM.Collect$$libinit$$00000013          0x00000146   Section        0  libinit2.o(.ARM.Collect$$libinit$$00000013)
    .ARM.Collect$$libinit$$00000015          0x00000146   Section        0  libinit2.o(.ARM.Collect$$libinit$$00000015)
    .ARM.Collect$$libinit$$00000017          0x00000146   Section        0  libinit2.o(.ARM.Collect$$libinit$$00000017)
    .ARM.Collect$$libinit$$00000019          0x00000146   Section        0  libinit2.o(.ARM.Collect$$libinit$$00000019)
    .ARM.Collect$$libinit$$0000001B          0x00000146   Section        0  libinit2.o(.ARM.Collect$$libinit$$0000001B)
    .ARM.Collect$$libinit$$0000001D          0x00000146   Section        0  libinit2.o(.ARM.Collect$$libinit$$0000001D)
    .ARM.Collect$$libinit$$0000001F          0x00000146   Section        0  libinit2.o(.ARM.Collect$$libinit$$0000001F)
    .ARM.Collect$$libinit$$00000021          0x00000146   Section        0  libinit2.o(.ARM.Collect$$libinit$$00000021)
    .ARM.Collect$$libinit$$00000023          0x00000146   Section        0  libinit2.o(.ARM.Collect$$libinit$$00000023)
    .ARM.Collect$$libinit$$00000025          0x00000146   Section        0  libinit2.o(.ARM.Collect$$libinit$$00000025)
    .ARM.Collect$$libinit$$00000027          0x00000146   Section        0  libinit2.o(.ARM.Collect$$libinit$$00000027)
    .ARM.Collect$$libinit$$0000002E          0x00000146   Section        0  libinit2.o(.ARM.Collect$$libinit$$0000002E)
    .ARM.Collect$$libinit$$00000030          0x00000146   Section        0  libinit2.o(.ARM.Collect$$libinit$$00000030)
    .ARM.Collect$$libinit$$00000032          0x00000146   Section        0  libinit2.o(.ARM.Collect$$libinit$$00000032)
    .ARM.Collect$$libinit$$00000034          0x00000146   Section        0  libinit2.o(.ARM.Collect$$libinit$$00000034)
    .ARM.Collect$$libinit$$00000035          0x00000146   Section        2  libinit2.o(.ARM.Collect$$libinit$$00000035)
    .ARM.Collect$$libshutdown$$00000000      0x00000148   Section        2  libshutdown.o(.ARM.Collect$$libshutdown$$00000000)
    .ARM.Collect$$libshutdown$$00000002      0x0000014a   Section        0  libshutdown2.o(.ARM.Collect$$libshutdown$$00000002)
    .ARM.Collect$$libshutdown$$00000004      0x0000014a   Section        0  libshutdown2.o(.ARM.Collect$$libshutdown$$00000004)
    .ARM.Collect$$libshutdown$$00000007      0x0000014a   Section        0  libshutdown2.o(.ARM.Collect$$libshutdown$$00000007)
    .ARM.Collect$$libshutdown$$0000000A      0x0000014a   Section        0  libshutdown2.o(.ARM.Collect$$libshutdown$$0000000A)
    .ARM.Collect$$libshutdown$$0000000C      0x0000014a   Section        0  libshutdown2.o(.ARM.Collect$$libshutdown$$0000000C)
    .ARM.Collect$$libshutdown$$0000000F      0x0000014a   Section        0  libshutdown2.o(.ARM.Collect$$libshutdown$$0000000F)
    .ARM.Collect$$libshutdown$$00000010      0x0000014a   Section        2  libshutdown2.o(.ARM.Collect$$libshutdown$$00000010)
    .ARM.Collect$$rtentry$$00000000          0x0000014c   Section        0  __rtentry.o(.ARM.Collect$$rtentry$$00000000)
    .ARM.Collect$$rtentry$$00000002          0x0000014c   Section        0  __rtentry2.o(.ARM.Collect$$rtentry$$00000002)
    .ARM.Collect$$rtentry$$00000004          0x0000014c   Section        6  __rtentry4.o(.ARM.Collect$$rtentry$$00000004)
    .ARM.Collect$$rtentry$$00000009          0x00000152   Section        0  __rtentry2.o(.ARM.Collect$$rtentry$$00000009)
    .ARM.Collect$$rtentry$$0000000A          0x00000152   Section        4  __rtentry2.o(.ARM.Collect$$rtentry$$0000000A)
    .ARM.Collect$$rtentry$$0000000C          0x00000156   Section        0  __rtentry2.o(.ARM.Collect$$rtentry$$0000000C)
    .ARM.Collect$$rtentry$$0000000D          0x00000156   Section        8  __rtentry2.o(.ARM.Collect$$rtentry$$0000000D)
    .ARM.Collect$$rtexit$$00000000           0x0000015e   Section        2  rtexit.o(.ARM.Collect$$rtexit$$00000000)
    .ARM.Collect$$rtexit$$00000002           0x00000160   Section        0  rtexit2.o(.ARM.Collect$$rtexit$$00000002)
    .ARM.Collect$$rtexit$$00000003           0x00000160   Section        4  rtexit2.o(.ARM.Collect$$rtexit$$00000003)
    .ARM.Collect$$rtexit$$00000004           0x00000164   Section        6  rtexit2.o(.ARM.Collect$$rtexit$$00000004)
    .text                                    0x0000016c   Section       44  startup_mspm0g351x_uvision.o(.text)
    .text                                    0x00000198   Section        0  heapauxi.o(.text)
    .text                                    0x0000019e   Section       62  sys_stackheap_outer.o(.text)
    .text                                    0x000001dc   Section        0  exit.o(.text)
    .text                                    0x000001ec   Section        8  libspace.o(.text)
    .text                                    0x000001f4   Section        0  sys_exit.o(.text)
    .text                                    0x00000200   Section        2  use_no_semi.o(.text)
    .text                                    0x00000202   Section        0  indicate_semi.o(.text)
    [Anonymous Symbol]                       0x00000204   Section        0  app_menu.o(.text.APP_Menu_Init)
    [Anonymous Symbol]                       0x00000218   Section        0  app_menu.o(.text.APP_Menu_Process)
    __arm_cp.1_0                             0x00000380   Number         4  app_menu.o(.text.APP_Menu_Process)
    __arm_cp.1_1                             0x00000384   Number         4  app_menu.o(.text.APP_Menu_Process)
    [Anonymous Symbol]                       0x00000390   Section        0  bsp_input.o(.text.BSP_Input_FetchEvents)
    [Anonymous Symbol]                       0x000003c8   Section        0  bsp_input.o(.text.BSP_Input_Init)
    [Anonymous Symbol]                       0x00000454   Section        0  bsp_input.o(.text.BSP_Input_Scan)
    __arm_cp.2_0                             0x000005e8   Number         4  bsp_input.o(.text.BSP_Input_Scan)
    __arm_cp.2_2                             0x00000600   Number         4  bsp_input.o(.text.BSP_Input_Scan)
    __arm_cp.2_3                             0x00000604   Number         4  bsp_input.o(.text.BSP_Input_Scan)
    __arm_cp.2_4                             0x00000608   Number         4  bsp_input.o(.text.BSP_Input_Scan)
    __arm_cp.2_5                             0x0000060c   Number         4  bsp_input.o(.text.BSP_Input_Scan)
    __arm_cp.2_6                             0x00000610   Number         4  bsp_input.o(.text.BSP_Input_Scan)
    BSP_Input_ScanEncoder.transTable         0x00000614   Number         0  bsp_input.o(.text.BSP_Input_Scan)
    __arm_cp.2_8                             0x00000624   Number         4  bsp_input.o(.text.BSP_Input_Scan)
    [Anonymous Symbol]                       0x00000628   Section        0  bsp_led.o(.text.BSP_LED_Init)
    [Anonymous Symbol]                       0x00000638   Section        0  bsp_led.o(.text.BSP_LED_SetColor)
    __arm_cp.2_0                             0x000006a0   Number         4  bsp_led.o(.text.BSP_LED_SetColor)
    [Anonymous Symbol]                       0x000006a4   Section        0  dl_common.o(.text.DL_Common_delayCycles)
    [Anonymous Symbol]                       0x000006b0   Section        0  dl_uart.o(.text.DL_UART_init)
    __arm_cp.0_0                             0x000006f0   Number         4  dl_uart.o(.text.DL_UART_init)
    __arm_cp.0_1                             0x000006f4   Number         4  dl_uart.o(.text.DL_UART_init)
    [Anonymous Symbol]                       0x000006f8   Section        0  dl_uart.o(.text.DL_UART_setClockConfig)
    [Anonymous Symbol]                       0x0000070c   Section        0  ti_msp_dl_config.o(.text.SYSCFG_DL_GPIO_init)
    __arm_cp.2_0                             0x00000768   Number         4  ti_msp_dl_config.o(.text.SYSCFG_DL_GPIO_init)
    __arm_cp.2_1                             0x0000076c   Number         4  ti_msp_dl_config.o(.text.SYSCFG_DL_GPIO_init)
    __arm_cp.2_2                             0x00000770   Number         4  ti_msp_dl_config.o(.text.SYSCFG_DL_GPIO_init)
    __arm_cp.2_3                             0x00000774   Number         4  ti_msp_dl_config.o(.text.SYSCFG_DL_GPIO_init)
    __arm_cp.2_4                             0x00000778   Number         4  ti_msp_dl_config.o(.text.SYSCFG_DL_GPIO_init)
    [Anonymous Symbol]                       0x0000077c   Section        0  ti_msp_dl_config.o(.text.SYSCFG_DL_SYSCTL_init)
    __arm_cp.3_0                             0x000007a4   Number         4  ti_msp_dl_config.o(.text.SYSCFG_DL_SYSCTL_init)
    __arm_cp.3_1                             0x000007a8   Number         4  ti_msp_dl_config.o(.text.SYSCFG_DL_SYSCTL_init)
    [Anonymous Symbol]                       0x000007ac   Section        0  ti_msp_dl_config.o(.text.SYSCFG_DL_UART_DEBUG_init)
    __arm_cp.4_0                             0x00000814   Number         4  ti_msp_dl_config.o(.text.SYSCFG_DL_UART_DEBUG_init)
    __arm_cp.4_1                             0x00000818   Number         4  ti_msp_dl_config.o(.text.SYSCFG_DL_UART_DEBUG_init)
    __arm_cp.4_2                             0x0000081c   Number         4  ti_msp_dl_config.o(.text.SYSCFG_DL_UART_DEBUG_init)
    __arm_cp.4_3                             0x00000820   Number         4  ti_msp_dl_config.o(.text.SYSCFG_DL_UART_DEBUG_init)
    __arm_cp.4_4                             0x00000824   Number         4  ti_msp_dl_config.o(.text.SYSCFG_DL_UART_DEBUG_init)
    [Anonymous Symbol]                       0x00000828   Section        0  ti_msp_dl_config.o(.text.SYSCFG_DL_init)
    [Anonymous Symbol]                       0x0000083c   Section        0  ti_msp_dl_config.o(.text.SYSCFG_DL_initPower)
    __arm_cp.1_0                             0x0000085c   Number         4  ti_msp_dl_config.o(.text.SYSCFG_DL_initPower)
    __arm_cp.1_1                             0x00000860   Number         4  ti_msp_dl_config.o(.text.SYSCFG_DL_initPower)
    __arm_cp.1_2                             0x00000864   Number         4  ti_msp_dl_config.o(.text.SYSCFG_DL_initPower)
    __arm_cp.1_3                             0x00000868   Number         4  ti_msp_dl_config.o(.text.SYSCFG_DL_initPower)
    __arm_cp.1_4                             0x0000086c   Number         4  ti_msp_dl_config.o(.text.SYSCFG_DL_initPower)
    [Anonymous Symbol]                       0x00000870   Section        0  main.o(.text.main)
    __arm_cp.0_0                             0x000008a4   Number         4  main.o(.text.main)
    gUART_DEBUGClockConfig                   0x000008a8   Data           2  ti_msp_dl_config.o(.rodata.gUART_DEBUGClockConfig)
    [Anonymous Symbol]                       0x000008a8   Section        0  ti_msp_dl_config.o(.rodata.gUART_DEBUGClockConfig)
    gUART_DEBUGConfig                        0x000008aa   Data          10  ti_msp_dl_config.o(.rodata.gUART_DEBUGConfig)
    [Anonymous Symbol]                       0x000008aa   Section        0  ti_msp_dl_config.o(.rodata.gUART_DEBUGConfig)
    .bss                                     0x20200000   Section       96  libspace.o(.bss)
    g_encAcc                                 0x20200060   Data           1  bsp_input.o(.bss.g_encAcc)
    [Anonymous Symbol]                       0x20200060   Section        0  bsp_input.o(.bss.g_encAcc)
    g_encPrevAB                              0x20200061   Data           1  bsp_input.o(.bss.g_encPrevAB)
    [Anonymous Symbol]                       0x20200061   Section        0  bsp_input.o(.bss.g_encPrevAB)
    g_inputEvent                             0x20200062   Data           3  bsp_input.o(.bss.g_inputEvent)
    [Anonymous Symbol]                       0x20200062   Section        0  bsp_input.o(.bss.g_inputEvent)
    g_keyState                               0x20200066   Data          40  bsp_input.o(.bss.g_keyState)
    [Anonymous Symbol]                       0x20200066   Section        0  bsp_input.o(.bss.g_keyState)
    g_menuItem                               0x2020008e   Data           1  app_menu.o(.bss.g_menuItem)
    [Anonymous Symbol]                       0x2020008e   Section        0  app_menu.o(.bss.g_menuItem)
    g_menuState                              0x2020008f   Data           1  app_menu.o(.bss.g_menuState)
    [Anonymous Symbol]                       0x2020008f   Section        0  app_menu.o(.bss.g_menuState)
    Heap_Mem                                 0x20200090   Data           0  startup_mspm0g351x_uvision.o(HEAP)
    Stack_Mem                                0x20200090   Data         256  startup_mspm0g351x_uvision.o(STACK)
    HEAP                                     0x20200090   Section        0  startup_mspm0g351x_uvision.o(HEAP)
    STACK                                    0x20200090   Section      256  startup_mspm0g351x_uvision.o(STACK)
    __initial_sp                             0x20200190   Data           0  startup_mspm0g351x_uvision.o(STACK)

    Global Symbols

    Symbol Name                              Value     Ov Type        Size  Object(Section)

    BuildAttributes$$THM_ISAv3M$S$PE$A:L22$X:L11$S22$IEEE1$IW$~IW$USESV6$~STKCKD$USESV7$~SHL$OTIME$ROPI$EBA8$UX$STANDARDLIB$REQ8$PRES8$EABIv2 0x00000000   Number         0  anon$$obj.o ABSOLUTE
    __Vectors                                0x00000000   Data           4  startup_mspm0g351x_uvision.o(RESET)
    __ARM_exceptions_init                     - Undefined Weak Reference
    __alloca_initialize                       - Undefined Weak Reference
    __arm_preinit_                            - Undefined Weak Reference
    __arm_relocate_pie_                       - Undefined Weak Reference
    __cpp_initialize__aeabi_                  - Undefined Weak Reference
    __cxa_finalize                            - Undefined Weak Reference
    __rt_locale                               - Undefined Weak Reference
    __sigvec_lookup                           - Undefined Weak Reference
    _atexit_init                              - Undefined Weak Reference
    _call_atexit_fns                          - Undefined Weak Reference
    _clock_init                               - Undefined Weak Reference
    _fp_trap_init                             - Undefined Weak Reference
    _fp_trap_shutdown                         - Undefined Weak Reference
    _get_lc_collate                           - Undefined Weak Reference
    _get_lc_ctype                             - Undefined Weak Reference
    _get_lc_monetary                          - Undefined Weak Reference
    _get_lc_numeric                           - Undefined Weak Reference
    _get_lc_time                              - Undefined Weak Reference
    _getenv_init                              - Undefined Weak Reference
    _handle_redirection                       - Undefined Weak Reference
    _init_alloc                               - Undefined Weak Reference
    _init_user_alloc                          - Undefined Weak Reference
    _initio                                   - Undefined Weak Reference
    _rand_init                                - Undefined Weak Reference
    _signal_finish                            - Undefined Weak Reference
    _signal_init                              - Undefined Weak Reference
    _terminate_alloc                          - Undefined Weak Reference
    _terminate_user_alloc                     - Undefined Weak Reference
    _terminateio                              - Undefined Weak Reference
    __Vectors_End                            0x000000c0   Data           0  startup_mspm0g351x_uvision.o(RESET)
    __Vectors_Size                           0x000000c0   Number         0  startup_mspm0g351x_uvision.o ABSOLUTE
    __main                                   0x000000c1   Thumb Code     8  __main.o(!!!main)
    __scatterload                            0x000000c9   Thumb Code     0  __scatter.o(!!!scatter)
    __scatterload_rt2                        0x000000c9   Thumb Code    74  __scatter.o(!!!scatter)
    __scatterload_rt2_thumb_only             0x000000c9   Thumb Code     0  __scatter.o(!!!scatter)
    __scatterload_loop                       0x000000d3   Thumb Code     0  __scatter.o(!!!scatter)
    __scatterload_null                       0x00000121   Thumb Code     2  __scatter.o(!!handler_null)
    __scatterload_zeroinit                   0x00000129   Thumb Code    28  __scatter_zi.o(!!handler_zi)
    __rt_lib_init                            0x00000145   Thumb Code     0  libinit.o(.ARM.Collect$$libinit$$00000000)
    __rt_lib_init_alloca_1                   0x00000147   Thumb Code     0  libinit2.o(.ARM.Collect$$libinit$$00000030)
    __rt_lib_init_argv_1                     0x00000147   Thumb Code     0  libinit2.o(.ARM.Collect$$libinit$$0000002E)
    __rt_lib_init_atexit_1                   0x00000147   Thumb Code     0  libinit2.o(.ARM.Collect$$libinit$$0000001D)
    __rt_lib_init_clock_1                    0x00000147   Thumb Code     0  libinit2.o(.ARM.Collect$$libinit$$00000023)
    __rt_lib_init_cpp_1                      0x00000147   Thumb Code     0  libinit2.o(.ARM.Collect$$libinit$$00000034)
    __rt_lib_init_exceptions_1               0x00000147   Thumb Code     0  libinit2.o(.ARM.Collect$$libinit$$00000032)
    __rt_lib_init_fp_1                       0x00000147   Thumb Code     0  libinit2.o(.ARM.Collect$$libinit$$00000002)
    __rt_lib_init_fp_trap_1                  0x00000147   Thumb Code     0  libinit2.o(.ARM.Collect$$libinit$$00000021)
    __rt_lib_init_getenv_1                   0x00000147   Thumb Code     0  libinit2.o(.ARM.Collect$$libinit$$00000025)
    __rt_lib_init_heap_1                     0x00000147   Thumb Code     0  libinit2.o(.ARM.Collect$$libinit$$0000000C)
    __rt_lib_init_lc_collate_1               0x00000147   Thumb Code     0  libinit2.o(.ARM.Collect$$libinit$$00000013)
    __rt_lib_init_lc_ctype_1                 0x00000147   Thumb Code     0  libinit2.o(.ARM.Collect$$libinit$$00000015)
    __rt_lib_init_lc_monetary_1              0x00000147   Thumb Code     0  libinit2.o(.ARM.Collect$$libinit$$00000017)
    __rt_lib_init_lc_numeric_1               0x00000147   Thumb Code     0  libinit2.o(.ARM.Collect$$libinit$$00000019)
    __rt_lib_init_lc_time_1                  0x00000147   Thumb Code     0  libinit2.o(.ARM.Collect$$libinit$$0000001B)
    __rt_lib_init_preinit_1                  0x00000147   Thumb Code     0  libinit2.o(.ARM.Collect$$libinit$$00000006)
    __rt_lib_init_rand_1                     0x00000147   Thumb Code     0  libinit2.o(.ARM.Collect$$libinit$$00000010)
    __rt_lib_init_relocate_pie_1             0x00000147   Thumb Code     0  libinit2.o(.ARM.Collect$$libinit$$00000004)
    __rt_lib_init_return                     0x00000147   Thumb Code     0  libinit2.o(.ARM.Collect$$libinit$$00000035)
    __rt_lib_init_signal_1                   0x00000147   Thumb Code     0  libinit2.o(.ARM.Collect$$libinit$$0000001F)
    __rt_lib_init_stdio_1                    0x00000147   Thumb Code     0  libinit2.o(.ARM.Collect$$libinit$$00000027)
    __rt_lib_init_user_alloc_1               0x00000147   Thumb Code     0  libinit2.o(.ARM.Collect$$libinit$$0000000E)
    __rt_lib_shutdown                        0x00000149   Thumb Code     0  libshutdown.o(.ARM.Collect$$libshutdown$$00000000)
    __rt_lib_shutdown_cpp_1                  0x0000014b   Thumb Code     0  libshutdown2.o(.ARM.Collect$$libshutdown$$00000002)
    __rt_lib_shutdown_fp_trap_1              0x0000014b   Thumb Code     0  libshutdown2.o(.ARM.Collect$$libshutdown$$00000007)
    __rt_lib_shutdown_heap_1                 0x0000014b   Thumb Code     0  libshutdown2.o(.ARM.Collect$$libshutdown$$0000000F)
    __rt_lib_shutdown_return                 0x0000014b   Thumb Code     0  libshutdown2.o(.ARM.Collect$$libshutdown$$00000010)
    __rt_lib_shutdown_signal_1               0x0000014b   Thumb Code     0  libshutdown2.o(.ARM.Collect$$libshutdown$$0000000A)
    __rt_lib_shutdown_stdio_1                0x0000014b   Thumb Code     0  libshutdown2.o(.ARM.Collect$$libshutdown$$00000004)
    __rt_lib_shutdown_user_alloc_1           0x0000014b   Thumb Code     0  libshutdown2.o(.ARM.Collect$$libshutdown$$0000000C)
    __rt_entry                               0x0000014d   Thumb Code     0  __rtentry.o(.ARM.Collect$$rtentry$$00000000)
    __rt_entry_presh_1                       0x0000014d   Thumb Code     0  __rtentry2.o(.ARM.Collect$$rtentry$$00000002)
    __rt_entry_sh                            0x0000014d   Thumb Code     0  __rtentry4.o(.ARM.Collect$$rtentry$$00000004)
    __rt_entry_li                            0x00000153   Thumb Code     0  __rtentry2.o(.ARM.Collect$$rtentry$$0000000A)
    __rt_entry_postsh_1                      0x00000153   Thumb Code     0  __rtentry2.o(.ARM.Collect$$rtentry$$00000009)
    __rt_entry_main                          0x00000157   Thumb Code     0  __rtentry2.o(.ARM.Collect$$rtentry$$0000000D)
    __rt_entry_postli_1                      0x00000157   Thumb Code     0  __rtentry2.o(.ARM.Collect$$rtentry$$0000000C)
    __rt_exit                                0x0000015f   Thumb Code     0  rtexit.o(.ARM.Collect$$rtexit$$00000000)
    __rt_exit_ls                             0x00000161   Thumb Code     0  rtexit2.o(.ARM.Collect$$rtexit$$00000003)
    __rt_exit_prels_1                        0x00000161   Thumb Code     0  rtexit2.o(.ARM.Collect$$rtexit$$00000002)
    __rt_exit_exit                           0x00000165   Thumb Code     0  rtexit2.o(.ARM.Collect$$rtexit$$00000004)
    Reset_Handler                            0x0000016d   Thumb Code     4  startup_mspm0g351x_uvision.o(.text)
    NMI_Handler                              0x00000171   Thumb Code     2  startup_mspm0g351x_uvision.o(.text)
    HardFault_Handler                        0x00000173   Thumb Code     2  startup_mspm0g351x_uvision.o(.text)
    SVC_Handler                              0x00000175   Thumb Code     2  startup_mspm0g351x_uvision.o(.text)
    PendSV_Handler                           0x00000177   Thumb Code     2  startup_mspm0g351x_uvision.o(.text)
    SysTick_Handler                          0x00000179   Thumb Code     2  startup_mspm0g351x_uvision.o(.text)
    ADC0_IRQHandler                          0x0000017b   Thumb Code     0  startup_mspm0g351x_uvision.o(.text)
    ADC1_IRQHandler                          0x0000017b   Thumb Code     0  startup_mspm0g351x_uvision.o(.text)
    AESADV_IRQHandler                        0x0000017b   Thumb Code     0  startup_mspm0g351x_uvision.o(.text)
    CANFD0_IRQHandler                        0x0000017b   Thumb Code     0  startup_mspm0g351x_uvision.o(.text)
    CANFD1_IRQHandler                        0x0000017b   Thumb Code     0  startup_mspm0g351x_uvision.o(.text)
    DAC0_IRQHandler                          0x0000017b   Thumb Code     0  startup_mspm0g351x_uvision.o(.text)
    DMA_IRQHandler                           0x0000017b   Thumb Code     0  startup_mspm0g351x_uvision.o(.text)
    Default_Handler                          0x0000017b   Thumb Code     2  startup_mspm0g351x_uvision.o(.text)
    GROUP0_IRQHandler                        0x0000017b   Thumb Code     0  startup_mspm0g351x_uvision.o(.text)
    GROUP1_IRQHandler                        0x0000017b   Thumb Code     0  startup_mspm0g351x_uvision.o(.text)
    I2C0_IRQHandler                          0x0000017b   Thumb Code     0  startup_mspm0g351x_uvision.o(.text)
    I2C1_IRQHandler                          0x0000017b   Thumb Code     0  startup_mspm0g351x_uvision.o(.text)
    I2C2_IRQHandler                          0x0000017b   Thumb Code     0  startup_mspm0g351x_uvision.o(.text)
    LFSS_IRQHandler                          0x0000017b   Thumb Code     0  startup_mspm0g351x_uvision.o(.text)
    SPI0_IRQHandler                          0x0000017b   Thumb Code     0  startup_mspm0g351x_uvision.o(.text)
    SPI1_IRQHandler                          0x0000017b   Thumb Code     0  startup_mspm0g351x_uvision.o(.text)
    SPI2_IRQHandler                          0x0000017b   Thumb Code     0  startup_mspm0g351x_uvision.o(.text)
    TIMA0_IRQHandler                         0x0000017b   Thumb Code     0  startup_mspm0g351x_uvision.o(.text)
    TIMA1_IRQHandler                         0x0000017b   Thumb Code     0  startup_mspm0g351x_uvision.o(.text)
    TIMG0_IRQHandler                         0x0000017b   Thumb Code     0  startup_mspm0g351x_uvision.o(.text)
    TIMG12_IRQHandler                        0x0000017b   Thumb Code     0  startup_mspm0g351x_uvision.o(.text)
    TIMG14_IRQHandler                        0x0000017b   Thumb Code     0  startup_mspm0g351x_uvision.o(.text)
    TIMG6_IRQHandler                         0x0000017b   Thumb Code     0  startup_mspm0g351x_uvision.o(.text)
    TIMG7_IRQHandler                         0x0000017b   Thumb Code     0  startup_mspm0g351x_uvision.o(.text)
    TIMG8_IRQHandler                         0x0000017b   Thumb Code     0  startup_mspm0g351x_uvision.o(.text)
    TIMG9_IRQHandler                         0x0000017b   Thumb Code     0  startup_mspm0g351x_uvision.o(.text)
    UART0_IRQHandler                         0x0000017b   Thumb Code     0  startup_mspm0g351x_uvision.o(.text)
    UART1_IRQHandler                         0x0000017b   Thumb Code     0  startup_mspm0g351x_uvision.o(.text)
    UART3_IRQHandler                         0x0000017b   Thumb Code     0  startup_mspm0g351x_uvision.o(.text)
    UART4_IRQHandler                         0x0000017b   Thumb Code     0  startup_mspm0g351x_uvision.o(.text)
    UART5_IRQHandler                         0x0000017b   Thumb Code     0  startup_mspm0g351x_uvision.o(.text)
    UART6_IRQHandler                         0x0000017b   Thumb Code     0  startup_mspm0g351x_uvision.o(.text)
    UART7_IRQHandler                         0x0000017b   Thumb Code     0  startup_mspm0g351x_uvision.o(.text)
    __user_initial_stackheap                 0x0000017d   Thumb Code    10  startup_mspm0g351x_uvision.o(.text)
    __use_two_region_memory                  0x00000199   Thumb Code     2  heapauxi.o(.text)
    __rt_heap_escrow$2region                 0x0000019b   Thumb Code     2  heapauxi.o(.text)
    __rt_heap_expand$2region                 0x0000019d   Thumb Code     2  heapauxi.o(.text)
    __user_setup_stackheap                   0x0000019f   Thumb Code    62  sys_stackheap_outer.o(.text)
    exit                                     0x000001dd   Thumb Code    16  exit.o(.text)
    __user_libspace                          0x000001ed   Thumb Code     8  libspace.o(.text)
    __user_perproc_libspace                  0x000001ed   Thumb Code     0  libspace.o(.text)
    __user_perthread_libspace                0x000001ed   Thumb Code     0  libspace.o(.text)
    _sys_exit                                0x000001f5   Thumb Code     8  sys_exit.o(.text)
    __I$use$semihosting                      0x00000201   Thumb Code     0  use_no_semi.o(.text)
    __use_no_semihosting_swi                 0x00000201   Thumb Code     2  use_no_semi.o(.text)
    __semihosting_library_function           0x00000203   Thumb Code     0  indicate_semi.o(.text)
    APP_Menu_Init                            0x00000205   Thumb Code    20  app_menu.o(.text.APP_Menu_Init)
    APP_Menu_Process                         0x00000219   Thumb Code   360  app_menu.o(.text.APP_Menu_Process)
    BSP_Input_FetchEvents                    0x00000391   Thumb Code    56  bsp_input.o(.text.BSP_Input_FetchEvents)
    BSP_Input_Init                           0x000003c9   Thumb Code   140  bsp_input.o(.text.BSP_Input_Init)
    BSP_Input_Scan                           0x00000455   Thumb Code   404  bsp_input.o(.text.BSP_Input_Scan)
    BSP_LED_Init                             0x00000629   Thumb Code    16  bsp_led.o(.text.BSP_LED_Init)
    BSP_LED_SetColor                         0x00000639   Thumb Code   104  bsp_led.o(.text.BSP_LED_SetColor)
    DL_Common_delayCycles                    0x000006a5   Thumb Code    10  dl_common.o(.text.DL_Common_delayCycles)
    DL_UART_init                             0x000006b1   Thumb Code    72  dl_uart.o(.text.DL_UART_init)
    DL_UART_setClockConfig                   0x000006f9   Thumb Code    18  dl_uart.o(.text.DL_UART_setClockConfig)
    SYSCFG_DL_GPIO_init                      0x0000070d   Thumb Code    92  ti_msp_dl_config.o(.text.SYSCFG_DL_GPIO_init)
    SYSCFG_DL_SYSCTL_init                    0x0000077d   Thumb Code    40  ti_msp_dl_config.o(.text.SYSCFG_DL_SYSCTL_init)
    SYSCFG_DL_UART_DEBUG_init                0x000007ad   Thumb Code   104  ti_msp_dl_config.o(.text.SYSCFG_DL_UART_DEBUG_init)
    SYSCFG_DL_init                           0x00000829   Thumb Code    20  ti_msp_dl_config.o(.text.SYSCFG_DL_init)
    SYSCFG_DL_initPower                      0x0000083d   Thumb Code    32  ti_msp_dl_config.o(.text.SYSCFG_DL_initPower)
    main                                     0x00000871   Thumb Code    52  main.o(.text.main)
    Region$$Table$$Base                      0x000008b8   Number         0  anon$$obj.o(Region$$Table)
    Region$$Table$$Limit                     0x000008c8   Number         0  anon$$obj.o(Region$$Table)
    __libspace_start                         0x20200000   Data          96  libspace.o(.bss)
    __temporary_stack_top$libspace           0x20200060   Data           0  libspace.o(.bss)



==============================================================================

Memory Map of the image

  Image Entry point : 0x000000c1

  Load Region LR_IROM1 (Base: 0x00000000, Size: 0x000008c8, Max: 0x00080000, ABSOLUTE)

    Execution Region ER_IROM1 (Exec base: 0x00000000, Load base: 0x00000000, Size: 0x000008c8, Max: 0x00080000, ABSOLUTE)

    Exec Addr    Load Addr    Size         Type   Attr      Idx    E Section Name        Object

    0x00000000   0x00000000   0x000000c0   Data   RO            3    RESET               startup_mspm0g351x_uvision.o
    0x000000c0   0x000000c0   0x00000008   Code   RO          152  * !!!main             c_p.l(__main.o)
    0x000000c8   0x000000c8   0x00000054   Code   RO          329    !!!scatter          c_p.l(__scatter.o)
    0x0000011c   0x0000011c   0x00000004   PAD
    0x00000120   0x00000120   0x00000002   Code   RO          330    !!handler_null      c_p.l(__scatter.o)
    0x00000122   0x00000122   0x00000006   PAD
    0x00000128   0x00000128   0x0000001c   Code   RO          333    !!handler_zi        c_p.l(__scatter_zi.o)
    0x00000144   0x00000144   0x00000002   Code   RO          190    .ARM.Collect$$libinit$$00000000  c_p.l(libinit.o)
    0x00000146   0x00000146   0x00000000   Code   RO          204    .ARM.Collect$$libinit$$00000002  c_p.l(libinit2.o)
    0x00000146   0x00000146   0x00000000   Code   RO          206    .ARM.Collect$$libinit$$00000004  c_p.l(libinit2.o)
    0x00000146   0x00000146   0x00000000   Code   RO          208    .ARM.Collect$$libinit$$00000006  c_p.l(libinit2.o)
    0x00000146   0x00000146   0x00000000   Code   RO          211    .ARM.Collect$$libinit$$0000000C  c_p.l(libinit2.o)
    0x00000146   0x00000146   0x00000000   Code   RO          213    .ARM.Collect$$libinit$$0000000E  c_p.l(libinit2.o)
    0x00000146   0x00000146   0x00000000   Code   RO          215    .ARM.Collect$$libinit$$00000010  c_p.l(libinit2.o)
    0x00000146   0x00000146   0x00000000   Code   RO          218    .ARM.Collect$$libinit$$00000013  c_p.l(libinit2.o)
    0x00000146   0x00000146   0x00000000   Code   RO          220    .ARM.Collect$$libinit$$00000015  c_p.l(libinit2.o)
    0x00000146   0x00000146   0x00000000   Code   RO          222    .ARM.Collect$$libinit$$00000017  c_p.l(libinit2.o)
    0x00000146   0x00000146   0x00000000   Code   RO          224    .ARM.Collect$$libinit$$00000019  c_p.l(libinit2.o)
    0x00000146   0x00000146   0x00000000   Code   RO          226    .ARM.Collect$$libinit$$0000001B  c_p.l(libinit2.o)
    0x00000146   0x00000146   0x00000000   Code   RO          228    .ARM.Collect$$libinit$$0000001D  c_p.l(libinit2.o)
    0x00000146   0x00000146   0x00000000   Code   RO          230    .ARM.Collect$$libinit$$0000001F  c_p.l(libinit2.o)
    0x00000146   0x00000146   0x00000000   Code   RO          232    .ARM.Collect$$libinit$$00000021  c_p.l(libinit2.o)
    0x00000146   0x00000146   0x00000000   Code   RO          234    .ARM.Collect$$libinit$$00000023  c_p.l(libinit2.o)
    0x00000146   0x00000146   0x00000000   Code   RO          236    .ARM.Collect$$libinit$$00000025  c_p.l(libinit2.o)
    0x00000146   0x00000146   0x00000000   Code   RO          238    .ARM.Collect$$libinit$$00000027  c_p.l(libinit2.o)
    0x00000146   0x00000146   0x00000000   Code   RO          242    .ARM.Collect$$libinit$$0000002E  c_p.l(libinit2.o)
    0x00000146   0x00000146   0x00000000   Code   RO          244    .ARM.Collect$$libinit$$00000030  c_p.l(libinit2.o)
    0x00000146   0x00000146   0x00000000   Code   RO          246    .ARM.Collect$$libinit$$00000032  c_p.l(libinit2.o)
    0x00000146   0x00000146   0x00000000   Code   RO          248    .ARM.Collect$$libinit$$00000034  c_p.l(libinit2.o)
    0x00000146   0x00000146   0x00000002   Code   RO          249    .ARM.Collect$$libinit$$00000035  c_p.l(libinit2.o)
    0x00000148   0x00000148   0x00000002   Code   RO          284    .ARM.Collect$$libshutdown$$00000000  c_p.l(libshutdown.o)
    0x0000014a   0x0000014a   0x00000000   Code   RO          312    .ARM.Collect$$libshutdown$$00000002  c_p.l(libshutdown2.o)
    0x0000014a   0x0000014a   0x00000000   Code   RO          314    .ARM.Collect$$libshutdown$$00000004  c_p.l(libshutdown2.o)
    0x0000014a   0x0000014a   0x00000000   Code   RO          317    .ARM.Collect$$libshutdown$$00000007  c_p.l(libshutdown2.o)
    0x0000014a   0x0000014a   0x00000000   Code   RO          320    .ARM.Collect$$libshutdown$$0000000A  c_p.l(libshutdown2.o)
    0x0000014a   0x0000014a   0x00000000   Code   RO          322    .ARM.Collect$$libshutdown$$0000000C  c_p.l(libshutdown2.o)
    0x0000014a   0x0000014a   0x00000000   Code   RO          325    .ARM.Collect$$libshutdown$$0000000F  c_p.l(libshutdown2.o)
    0x0000014a   0x0000014a   0x00000002   Code   RO          326    .ARM.Collect$$libshutdown$$00000010  c_p.l(libshutdown2.o)
    0x0000014c   0x0000014c   0x00000000   Code   RO          154    .ARM.Collect$$rtentry$$00000000  c_p.l(__rtentry.o)
    0x0000014c   0x0000014c   0x00000000   Code   RO          160    .ARM.Collect$$rtentry$$00000002  c_p.l(__rtentry2.o)
    0x0000014c   0x0000014c   0x00000006   Code   RO          172    .ARM.Collect$$rtentry$$00000004  c_p.l(__rtentry4.o)
    0x00000152   0x00000152   0x00000000   Code   RO          162    .ARM.Collect$$rtentry$$00000009  c_p.l(__rtentry2.o)
    0x00000152   0x00000152   0x00000004   Code   RO          163    .ARM.Collect$$rtentry$$0000000A  c_p.l(__rtentry2.o)
    0x00000156   0x00000156   0x00000000   Code   RO          165    .ARM.Collect$$rtentry$$0000000C  c_p.l(__rtentry2.o)
    0x00000156   0x00000156   0x00000008   Code   RO          166    .ARM.Collect$$rtentry$$0000000D  c_p.l(__rtentry2.o)
    0x0000015e   0x0000015e   0x00000002   Code   RO          195    .ARM.Collect$$rtexit$$00000000  c_p.l(rtexit.o)
    0x00000160   0x00000160   0x00000000   Code   RO          255    .ARM.Collect$$rtexit$$00000002  c_p.l(rtexit2.o)
    0x00000160   0x00000160   0x00000004   Code   RO          256    .ARM.Collect$$rtexit$$00000003  c_p.l(rtexit2.o)
    0x00000164   0x00000164   0x00000006   Code   RO          257    .ARM.Collect$$rtexit$$00000004  c_p.l(rtexit2.o)
    0x0000016a   0x0000016a   0x00000002   PAD
    0x0000016c   0x0000016c   0x0000002c   Code   RO            4    .text               startup_mspm0g351x_uvision.o
    0x00000198   0x00000198   0x00000006   Code   RO          150    .text               c_p.l(heapauxi.o)
    0x0000019e   0x0000019e   0x0000003e   Code   RO          176    .text               c_p.l(sys_stackheap_outer.o)
    0x000001dc   0x000001dc   0x00000010   Code   RO          179    .text               c_p.l(exit.o)
    0x000001ec   0x000001ec   0x00000008   Code   RO          191    .text               c_p.l(libspace.o)
    0x000001f4   0x000001f4   0x0000000c   Code   RO          250    .text               c_p.l(sys_exit.o)
    0x00000200   0x00000200   0x00000002   Code   RO          273    .text               c_p.l(use_no_semi.o)
    0x00000202   0x00000202   0x00000000   Code   RO          275    .text               c_p.l(indicate_semi.o)
    0x00000202   0x00000202   0x00000002   PAD
    0x00000204   0x00000204   0x00000014   Code   RO           20    .text.APP_Menu_Init  app_menu.o
    0x00000218   0x00000218   0x00000178   Code   RO           22    .text.APP_Menu_Process  app_menu.o
    0x00000390   0x00000390   0x00000038   Code   RO           44    .text.BSP_Input_FetchEvents  bsp_input.o
    0x000003c8   0x000003c8   0x0000008c   Code   RO           40    .text.BSP_Input_Init  bsp_input.o
    0x00000454   0x00000454   0x000001d4   Code   RO           42    .text.BSP_Input_Scan  bsp_input.o
    0x00000628   0x00000628   0x00000010   Code   RO           58    .text.BSP_LED_Init  bsp_led.o
    0x00000638   0x00000638   0x0000006c   Code   RO           62    .text.BSP_LED_SetColor  bsp_led.o
    0x000006a4   0x000006a4   0x0000000a   Code   RO           92    .text.DL_Common_delayCycles  driverlib.a(dl_common.o)
    0x000006ae   0x000006ae   0x00000002   PAD
    0x000006b0   0x000006b0   0x00000048   Code   RO          101    .text.DL_UART_init  driverlib.a(dl_uart.o)
    0x000006f8   0x000006f8   0x00000012   Code   RO          103    .text.DL_UART_setClockConfig  driverlib.a(dl_uart.o)
    0x0000070a   0x0000070a   0x00000002   PAD
    0x0000070c   0x0000070c   0x00000070   Code   RO           76    .text.SYSCFG_DL_GPIO_init  ti_msp_dl_config.o
    0x0000077c   0x0000077c   0x00000030   Code   RO           78    .text.SYSCFG_DL_SYSCTL_init  ti_msp_dl_config.o
    0x000007ac   0x000007ac   0x0000007c   Code   RO           80    .text.SYSCFG_DL_UART_DEBUG_init  ti_msp_dl_config.o
    0x00000828   0x00000828   0x00000014   Code   RO           72    .text.SYSCFG_DL_init  ti_msp_dl_config.o
    0x0000083c   0x0000083c   0x00000034   Code   RO           74    .text.SYSCFG_DL_initPower  ti_msp_dl_config.o
    0x00000870   0x00000870   0x00000038   Code   RO           11    .text.main          main.o
    0x000008a8   0x000008a8   0x00000002   Data   RO           82    .rodata.gUART_DEBUGClockConfig  ti_msp_dl_config.o
    0x000008aa   0x000008aa   0x0000000a   Data   RO           83    .rodata.gUART_DEBUGConfig  ti_msp_dl_config.o
    0x000008b4   0x000008b4   0x00000004   PAD
    0x000008b8   0x000008b8   0x00000010   Data   RO          328    Region$$Table       anon$$obj.o


    Execution Region RW_IRAM1 (Exec base: 0x20200000, Load base: 0x000008c8, Size: 0x00000190, Max: 0x00010000, ABSOLUTE)

    Exec Addr    Load Addr    Size         Type   Attr      Idx    E Section Name        Object

    0x20200000        -       0x00000060   Zero   RW          192    .bss                c_p.l(libspace.o)
    0x20200060        -       0x00000001   Zero   RW           49    .bss.g_encAcc       bsp_input.o
    0x20200061        -       0x00000001   Zero   RW           48    .bss.g_encPrevAB    bsp_input.o
    0x20200062        -       0x00000003   Zero   RW           46    .bss.g_inputEvent   bsp_input.o
    0x20200065   0x000008c8   0x00000001   PAD
    0x20200066        -       0x00000028   Zero   RW           47    .bss.g_keyState     bsp_input.o
    0x2020008e        -       0x00000001   Zero   RW           28    .bss.g_menuItem     app_menu.o
    0x2020008f        -       0x00000001   Zero   RW           29    .bss.g_menuState    app_menu.o
    0x20200090        -       0x00000000   Zero   RW            2    HEAP                startup_mspm0g351x_uvision.o
    0x20200090        -       0x00000100   Zero   RW            1    STACK               startup_mspm0g351x_uvision.o


    Execution Region RW_IRAM2 (Exec base: 0x20210000, Load base: 0x000008c8, Size: 0x00000000, Max: 0x00010000, ABSOLUTE)

    **** No section assigned to this execution region ****



  Load Region LR_BCR (Base: 0x41c00000, Size: 0x00000000, Max: 0x00000100, ABSOLUTE)

    Execution Region BCR_CONFIG (Exec base: 0x41c00000, Load base: 0x41c00000, Size: 0x00000000, Max: 0x000000ff, ABSOLUTE)

    **** No section assigned to this execution region ****



  Load Region LR_BSL (Base: 0x41c00100, Size: 0x00000000, Max: 0x00000100, ABSOLUTE)

    Execution Region BSL_CONFIG (Exec base: 0x41c00100, Load base: 0x41c00100, Size: 0x00000000, Max: 0x00000080, ABSOLUTE)

    **** No section assigned to this execution region ****



  Load Region LR_DATA (Base: 0x41d00000, Size: 0x00000000, Max: 0x00004000, ABSOLUTE)

    Execution Region DATA (Exec base: 0x41d00000, Load base: 0x41d00000, Size: 0x00000000, Max: 0x00004000, ABSOLUTE)

    **** No section assigned to this execution region ****


==============================================================================

Image component sizes


      Code (inc. data)   RO Data    RW Data    ZI Data      Debug   Object Name

       396         16          0          0          2       3017   app_menu.o
       664         64          0          0         45       7765   bsp_input.o
       124         12          0          0          0       4119   bsp_led.o
        56          4          0          0          0        777   main.o
        44         18        192          0        256        668   startup_mspm0g351x_uvision.o
       356         68         12          0          0      15054   ti_msp_dl_config.o

    ----------------------------------------------------------------------
      1640        182        224          0        304      31400   Object Totals
         0          0         16          0          0          0   (incl. Generated)
         0          0          4          0          1          0   (incl. Padding)

    ----------------------------------------------------------------------

      Code (inc. data)   RO Data    RW Data    ZI Data      Debug   Library Member Name

         8          0          0          0          0         68   __main.o
         0          0          0          0          0          0   __rtentry.o
        12          0          0          0          0          0   __rtentry2.o
         6          0          0          0          0          0   __rtentry4.o
        86         10          0          0          0          0   __scatter.o
        28          0          0          0          0          0   __scatter_zi.o
        16          0          0          0          0         68   exit.o
         6          0          0          0          0        136   heapauxi.o
         0          0          0          0          0          0   indicate_semi.o
         2          0          0          0          0          0   libinit.o
         2          0          0          0          0          0   libinit2.o
         2          0          0          0          0          0   libshutdown.o
         2          0          0          0          0          0   libshutdown2.o
         8          4          0          0         96         68   libspace.o
         2          0          0          0          0          0   rtexit.o
        10          0          0          0          0          0   rtexit2.o
        12          4          0          0          0         60   sys_exit.o
        62          0          0          0          0         80   sys_stackheap_outer.o
         2          0          0          0          0         68   use_no_semi.o
        10          0          0          0          0        804   dl_common.o
        90          8          0          0          0      14236   dl_uart.o

    ----------------------------------------------------------------------
       384         30          0          0         96      15588   Library Totals
        18          4          0          0          0          0   (incl. Padding)

    ----------------------------------------------------------------------

      Code (inc. data)   RO Data    RW Data    ZI Data      Debug   Library Name

       266         18          0          0         96        548   c_p.l
       100          8          0          0          0      15040   driverlib.a

    ----------------------------------------------------------------------
       384         30          0          0         96      15588   Library Totals

    ----------------------------------------------------------------------

==============================================================================


      Code (inc. data)   RO Data    RW Data    ZI Data      Debug   

      2024        212        224          0        400      46776   Grand Totals
      2024        212        224          0        400      46776   ELF Image Totals
      2024        212        224          0          0          0   ROM Totals

==============================================================================

    Total RO  Size (Code + RO Data)                 2248 (   2.20kB)
    Total RW  Size (RW Data + ZI Data)               400 (   0.39kB)
    Total ROM Size (Code + RO Data + RW Data)       2248 (   2.20kB)

==============================================================================

